BREST	1	48.38	-4.49
SWINOUJSCIE	2	53.92	14.23
SHEERNESS	3	51.45	0.74
HOLYHEAD	5	53.31	-4.62
CUXHAVEN_2	7	53.87	8.72
WISMAR_2	8	53.90	11.46
MAASSLUIS	9	51.92	4.25
SAN_FRANCISCO	10	37.81	-122.47
WARNEMUNDE_2	11	54.17	12.10
NEW_YORK	12	40.70	-74.01
TRAVEMUNDE	13	53.96	10.87
HELSINKI	14	60.15	24.96
LIVERPOOL_GEORGES_AND_PRINCES_PIERS	15	53.40	-3.00
LYOKKI	16	60.85	21.18
LYPYRTTI	17	60.60	21.23
JUNGFRUSUND	18	59.95	22.37
VLISSINGEN	20	51.44	3.60
ABERDEEN_II	21	57.15	-2.08
HOEK_VAN_HOLLAND	22	51.98	4.12
DEN_HELDER	23	52.96	4.75
DELFZIJL	24	53.33	6.93
HARLINGEN	25	53.18	5.41
LIEPAJA	26	56.53	20.98
UTO	27	59.78	21.37
RUSSARO	28	59.77	22.95
SODERSKAR	29	60.12	25.42
RONNSKAR	30	63.07	20.80
NEDRE_SODERTALJE	31	59.20	17.62
IJMUIDEN	32	52.46	4.55
OSCARSBORG	33	59.68	10.60
TRONDHEIM	34	63.43	10.43
DAUGAVGRIVA	37	57.05	24.03
VENEZIA	39	45.42	12.33
POTI	41	42.17	41.68
SEVASTOPOL	42	44.62	33.53
MUMBAI	43	18.92	72.83
ADEN	44	12.79	44.97
KABELVAG	45	68.21	14.48
STAVANGER	47	58.97	5.73
KIDDERPORE	48	22.53	88.33
BATUMI	51	41.63	41.70
CASCAIS	52	38.68	-9.42
VAASA	57	63.08	21.57
BERGEN	58	60.40	5.32
GENOVA	59	44.40	8.90
MARSEILLE	61	43.28	5.35
OSLO	62	59.91	10.73
KOBBAKLINTAR	63	60.03	19.88
GDANSK/NOWY_PORT	64	54.40	18.68
SYDNEY	65	-33.85	151.23
LANDSORT	68	58.74	17.87
OLANDS_NORRA_UDDE	69	57.37	17.10
KUNGSHOLMSFORT	70	56.11	15.59
HANKO	71	59.82	22.98
YSTAD	72	55.42	13.82
VARBERG	73	57.10	12.22
AARHUS	76	56.15	10.22
GRONSKAR	77	59.28	19.03
STOCKHOLM	78	59.32	18.08
OULU	79	65.04	25.42
ESBJERG	80	55.46	8.44
FREDERICIA	81	55.56	9.75
KOBENHAVN	82	55.70	12.60
VYBORG	83	60.70	28.73
LEMSTROM	84	60.10	20.02
YKSPIHLAJA	86	63.83	23.03
VENEZIA	87	45.42	12.35
RATAN	88	63.99	20.89
HIRTSHALS	89	57.60	9.96
BJORN	90	60.63	17.97
FREDERIKSHAVN	91	57.44	10.55
TONOURA	94	34.90	132.07
NORTH_SHIELDS	95	55.01	-1.44
HALIFAX	96	44.67	-63.58
BACKEVIK	97	58.37	11.25
SLIPSHAVN	98	55.29	10.83
NEDRE_GAVLE	99	60.68	17.17
CAGLIARI	104	39.20	9.17
NAPOLI	105	40.84	14.26
CIVITAVECCHIA	106	42.05	11.82
PALERMO	107	38.13	13.33
PORTO_MAURIZIO	108	43.87	8.02
FREMANTLE	111	-32.06	115.74
FERNANDINA_BEACH	112	30.67	-81.47
KORSOR	113	55.33	11.14
KLAIPEDA	118	55.70	21.13
HORNBAEK	119	56.09	12.46
GEDSER	120	54.57	11.93
DRAGHALLAN	122	62.37	17.53
TROIS-RIVIERES	126	46.33	-72.55
SEATTLE	127	47.60	-122.34
NAPOLI	129	40.87	14.27
ABURATSUBO	130	35.16	139.62
AYUKAWA	131	38.30	141.51
WAJIMA	132	37.41	136.90
HOSOJIMA	133	32.43	131.67
KUSHIMOTO	134	33.48	135.77
PHILADELPHIA	135	39.93	-75.14
PORT-SAINT-FRANCOIS	137	46.27	-72.62
POINTE-AU-PERE	138	48.52	-68.47
HANASAKI	139	43.28	145.58
STROMSTAD	140	58.95	11.18
SKURU	142	60.10	23.55
BATISCAN	144	46.50	-72.25
MANILA	145	14.58	120.97
HEL	146	54.60	18.80
BALTIMORE	148	39.27	-76.58
AUCKLAND_II	150	-36.84	174.77
TRIESTE	154	45.65	13.76
HONOLULU	155	21.31	-157.87
BUENOS_AIRES	157	-34.60	-58.37
SAN_DIEGO	158	32.71	-117.17
OSHORO_I	159	43.22	140.87
GALVESTON_II	161	29.31	-94.79
LAGOS	162	37.10	-8.67
BALBOA	163	8.97	-79.57
KOTKA	164	60.45	26.95
TOFINO	165	49.15	-125.92
VICTORIA	166	48.42	-123.37
PRINCE_RUPERT	167	54.32	-130.33
VENEZIA	168	45.43	12.33
CRISTOBAL	169	9.35	-79.92
MANTYLUOTO	172	61.59	21.46
QUEBEC	173	46.83	-71.17
KO_LAK	174	11.80	99.82
VANCOUVER	175	49.28	-123.12
HARRINGTON_HBR	176	50.50	-59.48
SMOGEN	179	58.35	11.22
ATLANTIC_CITY	180	39.35	-74.42
PORTLAND 	183	43.66	-70.25
KEY_WEST	188	24.55	-81.81
PORT_HEDLAND	189	-20.32	118.57
DUNBAR	190	56.01	-2.52
NEUVILLE	192	46.70	-71.57
POINT_ATKINSON	193	49.33	-123.25
PIETARSAARI 	194	63.71	22.69
SAINT_JOHN	195	45.27	-66.07
SYDNEY	196	-33.85	151.23
DESCHAILLONS	201	46.57	-72.10
NEWLYN	202	50.10	-5.54
FURUOGRUND	203	64.92	21.23
KARACHI	204	24.81	66.97
CHENNAI	205	13.10	80.30
ALICANTE	208	38.34	-0.48
CADIZ_II	209	36.53	-6.31
RANGOON	210	16.77	96.17
BLUFF	213	-46.60	168.35
FELIXSTOWE	214	51.96	1.35
TUAPSE	215	44.10	39.07
PORT_PIRIE	216	-33.18	138.01
AUCKLAND-WAITEMATA_HARBOUR	217	-36.84	174.77
BELFAST_2	219	54.60	-5.92
WELLINGTON_HARBOUR	221	-41.28	174.78
QUEQUEN	223	-38.58	-58.70
LEWES	224	38.78	-75.12
KETCHIKAN	225	55.33	-131.62
SAPPI	226	61.48	21.33
SUR_SARI	227	60.08	26.98
KEMI	229	65.67	24.52
PORT_LINCOLN	230	-34.72	135.87
HELIGMAN	231	60.20	19.30
CHARLESTON_I	234	32.78	-79.92
BOSTON	235	42.35	-71.05
WEST-TERSCHELLING	236	53.36	5.22
PRIMORSK	237	60.35	28.62
TVARMINNE	238	59.85	23.25
TURKU	239	60.43	22.10
RAAHE	240	64.67	24.41
LOS_ANGELES	245	33.72	-118.27
PENSACOLA	246	30.40	-87.21
PORT_LYTTELTON	247	-43.61	172.72
JOHOR_BAHRU	248	1.46	103.79
FOGLO	249	60.03	20.38
PORT_SAID	253	31.25	32.30
DOVER	255	51.11	1.32
LA_JOLLA	256	32.87	-117.26
PONTA_DELGADA	258	37.74	-25.67
LYTTELTON_II	259	-43.61	172.72
JOLO	260	6.07	121.00
ASTORIA	265	46.21	-123.77
SEWARD	266	60.12	-149.43
NEWCASTLE_III	267	-32.92	151.80
MACAU	269	22.20	113.55
DAYTONA_BEACH	270	29.23	-81.00
MOMMARK	271	54.93	10.07
DURBAN	284	-29.87	31.05
KASKINEN	285	62.34	21.21
IMMINGHAM	286	53.63	-0.19
SEAVEY_ISLAND	288	43.08	-70.74
PIONERSKY	289	54.95	20.22
SEWELLS_POINT	299	36.95	-76.33
HILO	300	19.73	-155.06
TREGDE	302	58.01	7.55
SANTA_CRUZ_DE_TENERIFE_I	303	28.48	-16.24
YAMBA	310	-29.43	153.36
ANNAPOLIS	311	38.98	-76.48
NARVIK	312	68.43	17.43
HEIMSJO	313	63.43	9.10
STORNOWAY	314	58.21	-6.39
HAMINA	315	60.56	27.18
MAYPORT	316	30.39	-81.43
BOURGAS	317	42.48	27.48
VARNA	318	43.18	27.92
NEWCASTLE_I	320	-32.92	151.80
KLAGSHAMN	330	55.52	12.89
TAKORADI	331	4.88	-1.75
EASTPORT	332	44.90	-66.98
NORTH_POINT	333	22.30	114.20
SOUTHEND	334	51.51	0.72
TILBURY	335	51.47	0.37
TOWER_PIER	336	51.50	0.08
PORTSMOUTH	350	50.80	-1.11
NEWPORT	351	41.51	-71.33
SPLIT - GRADSKA_LUKA	352	43.51	16.44
BAKAR	353	45.30	14.53
MERA	359	34.92	139.82
WASHINGTON_DC	360	38.87	-77.02
ABERDEEN_I	361	57.14	-2.08
WILLETS_POINT	362	40.79	-73.78
MIAMI_BEACH	363	25.77	-80.13
SANDY_HOOK	366	40.47	-74.01
WOODS_HOLE	367	41.52	-70.67
ST. GEORGES	368	32.37	-64.70
GARDEN_REACH	369	22.55	88.30
THESSALONIKI	373	40.63	22.93
PIRAIEVS	374	37.94	23.63
KAVALLA	375	40.93	24.41
RAUMA	376	61.13	21.43
SANTA_MONICA	377	34.01	-118.50
CRESCENT_CITY	378	41.74	-124.18
CONSTANTZA	379	44.17	28.67
FRIDAY_HARBOR	384	48.55	-123.01
NEAH_BAY	385	48.37	-124.61
THEVENARD	386	-32.15	133.64
GRONDINES	387	46.58	-72.03
PORT_AUX_BASQUES	392	47.57	-59.13
ST. JOHN'S	393	47.57	-52.72
CEBU	394	10.30	123.92
FORT_PULASKI	395	32.03	-80.90
WILMINGTON	396	34.23	-77.95
SASSNITZ	397	54.51	13.64
KJOLSDAL	398	61.92	5.63
PORTSMOUTH	399	36.82	-76.29
NEVLUNGHAVN	401	58.97	9.88
JUNEAU	405	58.30	-134.41
UCHIURA	407	35.02	138.89
KHIOS	408	38.37	26.14
POSIDHONIA	409	37.95	22.96
PREVEZA	410	38.96	20.76
KALAMAI	411	37.02	22.12
SOLOMON'S_ISLAND	412	38.32	-76.45
OOSTENDE	413	51.23	2.92
VISAKHAPATNAM	414	17.68	83.28
SAUGOR/SAGAR	417	21.65	88.05
GUANTANAMO_BAY	418	19.91	-75.15
BHAUNAGAR_I	420	21.80	72.30
ANDENES	425	69.33	16.13
SITKA	426	57.05	-135.34
CHARLOTTETOWN	427	46.23	-63.12
CEDAR_KEY_II	428	29.14	-83.03
NEW_LONDON	429	41.36	-72.09
PROVIDENCE	430	41.81	-71.40
MONTEVIDEO	431	-34.90	-56.25
DUBLIN	432	53.35	-6.22
COLONIA	433	-34.48	-57.85
PUNTA_DEL_ESTE	434	-34.97	-54.95
DOUGLAS	435	54.15	-4.47
ALAMEDA	437	37.77	-122.30
COCHIN	438	9.97	76.27
EUGENE_ISLAND	440	29.37	-91.39
FORT_PHRACHULA_CHOMKLAO	444	13.55	100.58
YAKUTAT	445	59.55	-139.73
KO_TAPHAO_NOI	446	7.83	98.43
CHURCHILL	447	58.77	-94.18
PORT_ADELAIDE	448	-34.78	138.48
KO_SICHANG	449	13.15	100.82
LE_HAVRE	453	49.48	0.11
ST. MALO	454	48.64	-2.03
CALAIS	455	50.97	1.87
BUENAVENTURA	456	3.90	-77.10
ST. NAZAIRE	457	47.27	-2.20
MATARANI	458	-17.00	-72.12
HACHINOHE_I	460	40.53	141.53
RICHMOND	462	37.57	-77.45
MIYAKO_I	463	39.63	141.97
PUNTARENAS	464	9.97	-84.83
LA_ROCHELLE-LA_PALLICE	466	46.16	-1.22
CHERBOURG	467	49.65	-1.64
DUNKERQUE	468	51.05	2.37
ST_JEAN_DE_LUZ	469	43.40	-1.68
ZEEBRUGGE	470	51.35	3.20
BOULOGNE	471	50.73	1.58
DIEPPE	474	49.93	1.08
TALARA	475	-4.62	-81.28
PORT_LOUIS	477	-20.15	57.50
VIGO	483	42.24	-8.73
LA_CORUNA_I	484	43.37	-8.40
SANTANDER_I	485	43.46	-3.79
MALOY	486	61.93	5.11
ADAK  SWEEPER_COVE	487	51.86	-176.63
TARIFA	488	36.01	-5.60
NIEUWPOORT	489	51.15	2.73
ALGECIRAS	490	36.12	-5.43
MASSACRE_BAY	491	52.83	173.20
SKAGWAY	495	59.45	-135.33
MALAGA	496	36.71	-4.42
PORT_ISABEL	497	26.06	-97.22
CEUTA	498	35.89	-5.32
VALPARAISO	499	-33.03	-71.63
WELLINGTON_II	500	-41.28	174.78
PUERTO_MADRYN	501	-42.77	-65.03
ALEXANDRIA	503	31.22	29.92
PORT_SAN_LUIS	508	35.18	-120.76
ALESUND	509	62.47	6.15
ANTOFAGASTA_2	510	-23.65	-70.40
ANTOFAGASTA	511	-23.65	-70.42
KWAJALEIN	513	8.73	167.74
KUSHIRO	518	42.98	144.37
MONTAUK	519	41.05	-71.96
ST. PETERSBURG	520	27.76	-82.63
KAHULUI_HARBOR	521	20.89	-156.48
LEGASPI	522	13.15	123.75
MIDWAY_ISLAND	523	28.21	-177.36
VARDO	524	70.37	31.10
BAR_HARBOR	525	44.39	-68.20
GRAND_ISLE	526	29.26	-89.96
PORT_ALBERNI	527	49.23	-124.82
CHUUK	528	7.45	151.85
EVENSKJAER	531	68.58	16.55
DAVAO	537	7.08	125.63
ROCKPORT	538	28.02	-97.05
PAGO_PAGO	539	-14.28	-170.69
APRA_HARBOR	540	13.44	144.65
BARENTSBURG	541	78.07	14.25
IMBITUBA	542	-28.23	-48.65
DIAMOND_HARBOUR	543	22.20	88.17
LA_LIBERTAD_II	544	-2.20	-80.92
KEELUNG_II	545	25.13	121.73
YUZHNO_KURILSK	546	44.02	145.87
BARENTSBURG_II	547	78.07	14.25
CAMP_COVE	549	-33.83	151.28
PUERTO_LIMON	552	10.00	-83.03
ALERT_BAY	554	50.58	-126.95
LA_LIBERTAD	555	-2.20	-80.92
RECIFE	556	-8.05	-34.87
PUERTO_CORTES	557	15.83	-87.95
LA_UNION	558	13.33	-87.82
BODO	562	67.29	14.39
GIBARA	563	21.11	-76.12
MACKAY	564	-21.10	149.23
LAS_PALMAS_C	565	28.15	-15.41
CORDOVA	566	60.56	-145.75
KODIAK_ISLAND	567	57.73	-152.51
SANTA_CRUZ_DE_LA_PALMA_B	568	28.67	-17.77
TIKSI	569	71.58	128.92
TALCAHUANO	571	-36.68	-73.10
CARTAGENA	572	10.40	-75.55
KANTON_ISLAND	575	-2.80	-171.72
SALVADOR	578	-12.97	-38.52
BELEM	580	-1.45	-48.50
NAOS_ISLAND	581	8.92	-79.55
ARRECIFE	593	28.97	-13.53
WAKE_ISLAND	595	19.29	166.62
KANDLA	596	23.02	70.22
GLOUCESTER_POINT	597	37.25	-76.50
JOHNSTON_ISLAND	598	16.74	-169.53
AMDERMA	599	69.75	61.70
UST_KARA	600	69.25	64.52
FEDOROVA	601	77.72	104.30
SANNIKOVA	602	74.67	138.90
SHALAUROVA	603	73.18	143.23
AMBARCHIK	604	69.62	162.30
RAU-CHUA	605	69.50	166.58
PEVEK	606	69.70	170.25
VANKAREM	607	67.83	-175.83
VRANGELIA	608	70.98	-178.48
MALYE_KARMAKULY	609	72.37	52.70
UST_OLENEK	610	73.00	119.87
DIKSON	611	73.50	80.40
STERLEGOVA	612	75.42	88.90
NETTEN	613	66.97	-171.93
QINHUANGDAO	614	39.90	119.60
PRAVDY	615	76.27	94.77
MYS_SHMIDTA	616	68.90	-179.37
RATMANOVA	617	65.85	-169.13
ARICA	618	-18.47	-70.33
CALDERA	619	-27.07	-70.83
MALYI_TAIMYR	620	78.08	106.82
KOLUCHIN	621	67.48	-174.65
UGORSKII_SHAR	622	69.82	60.75
TOBA	627	34.47	136.85
IRAKLION	634	35.35	25.15
ONAHAMA	635	36.94	140.89
KIPTOPEKE_BEACH	636	37.16	-75.99
TOWNSVILLE_I	637	-19.25	146.83
REYKJAVIK	638	64.15	-21.94
TUMACO	639	1.83	-78.73
DUNAI	640	73.93	124.50
KOTELNYI	641	76.00	137.87
KIGILIAH	642	73.33	139.87
KOLOBRZEG	643	54.18	15.55
USTKA	644	54.58	16.87
WLADYSLAWOWO	645	54.80	18.42
ANDREIA	646	76.80	110.75
ZHELANIA_II	647	76.95	68.55
GEIBERGA	648	77.60	101.52
MUOSTAH	649	71.55	130.03
CHETYREHSTOLBOVOI	650	70.63	162.48
BOLVANSKII_NOS	651	70.45	59.08
PREOBRAZHENIA	652	74.67	112.93
POPOVA	653	73.33	70.05
RUSSKII	655	77.17	96.43
SOLNECHNAIA	656	78.20	103.27
SVIATOI_NOS	657	72.83	140.73
ZEMLIA_BUNGE	658	74.88	142.12
IZUHARA	661	34.20	129.30
PROVIDENIA	662	64.42	-173.23
MAIZURU_I	663	35.48	135.40
TACLOBAN	664	11.25	125.00
ENEWETOK	665	11.37	162.35
MARII_PRONCHISHEVOI	667	75.53	113.43
PUERTO_ARMUELLES	668	8.27	-82.87
TOKUYAMA_I	669	34.03	131.80
OMINATO	679	41.25	141.15
TROMSO	680	69.65	18.96
HARSTAD	681	68.80	16.55
KRISTIANSUND	682	63.11	7.73
BURNIE	683	-41.05	145.91
MURMANSK	684	68.97	33.05
SPLIT_RT_MARJANA	685	43.51	16.39
ACAPULCO	686	16.83	-99.92
MURMANSK_II	687	68.97	33.05
FULFORD_HARBOUR	688	48.77	-123.45
SALINA_CRUZ	689	16.17	-95.20
PROGRESO	690	21.30	-89.67
COATZACOALCOS	692	18.15	-94.42
GUAYMAS	693	27.92	-110.90
LA_PAZ	695	24.17	-110.35
MANGALORE	696	12.85	74.83
KAINAN	701	34.14	135.19
HANSTHOLM	703	57.12	8.60
VISE	704	79.50	76.98
UEDINENIA	707	77.50	82.20
BILLINGA	708	69.88	175.77
RUSSKAIA_GAVAN_II	710	76.18	62.58
RUSSKAYA_GAVAN	711	76.20	62.58
MAZATLAN	712	23.20	-106.42
ASAMUSHI	721	40.90	140.86
YOKOSUKA	722	35.29	139.65
DALIAN	723	38.87	121.68
SEMBAWANG	724	1.47	103.83
FREEPORT	725	28.95	-95.31
CANANEIA	726	-25.02	-47.93
XIAMEN	727	24.45	118.07
IZVESTIA_TSIK	728	75.95	82.95
GOLOMIANYI	729	79.55	90.62
AION	730	69.93	167.98
YANTAI	731	37.53	121.38
MORZHOVAIA	732	71.42	67.58
ISACHENKO	734	77.15	89.20
BUORHAIA	735	71.95	132.77
KOSYSTYI	736	73.65	109.73
MANZANILLO	737	19.05	-104.33
KRASNOFLOTSKIE	738	78.60	98.83
NEZUGASEKI	752	38.56	139.55
KASHIWAZAKI	753	37.36	138.51
LOWESTOFT	754	52.47	1.75
MILLPORT	755	55.75	-4.91
NAWILIWILI_BAY	756	21.95	-159.35
UNALASKA	757	53.88	-166.54
HAMMERFEST	758	70.66	23.68
MAGUEYES_ISLAND	759	17.97	-67.05
DUBROVNIK	760	42.66	18.06
ROVINJ	761	45.08	13.63
RODBYHAVN	762	54.66	11.35
LA_CORUNA_II	763	43.36	-8.40
LA_PALOMA	764	-34.65	-54.15
BIRKENHEAD	765	53.40	-3.02
NEWPORT_BAY	766	33.60	-117.88
TADIBE-IAHA	767	70.37	72.57
ALVARADO	768	18.77	-95.77
MONBETU_I	772	44.35	143.37
SANDWICH_MARINA	775	41.77	-70.50
BUZZARDS_BAY	776	41.74	-70.62
REEDY_POINT	786	39.56	-75.57
NELSON	787	-41.26	173.27
MONACO	788	43.73	7.42
KIEL-HOLTENAU	789	54.37	10.16
TERPIAI-TUMSA	790	73.55	118.67
LEIXOES	791	41.18	-8.70
VALKARKAI	792	70.08	170.93
ENSENADA	795	31.85	-116.63
CIUDAD_DEL_CARMEN	796	18.63	-91.85
SHIMIZU-MINATO	808	35.01	138.52
KOMATSUSHIMA	809	34.01	134.59
MISUMI	810	32.62	130.45
SAKAI	811	35.55	133.24
UNO	812	34.49	133.95
HAKODATE_I	813	41.78	140.72
ABURATSU	814	31.58	131.41
TOSA_SHIMIZU	815	32.78	132.96
WAKAYAMA	816	34.22	135.15
TAN-NOWA	817	34.34	135.18
LORD_HOWE_ISLAND	818	-31.52	159.07
MAR_DEL_PLATA	819	-38.03	-57.52
PORT_ELIZABETH	820	-33.95	25.63
NORFOLK_ISLAND	821	-29.06	167.95
BRISBANE	822	-27.37	153.17
MOKUOLOE_ISLAND	823	21.43	-157.79
PETROPAVLOVSK-KAMCHATSKY	824	52.98	158.65
GLADSTONE	825	-23.85	151.31
SIMONS_BAY	826	-34.19	18.44
NAGAEVO	827	59.55	150.72
GALVESTON_I	828	29.29	-94.79
QUEEN_CHARLOTTE_CITY	829	53.25	-132.07
LERWICK	830	60.15	-1.14
PORT_KEMBLA	831	-34.47	150.91
PALERMO	832	-34.57	-58.40
EDEN	833	-37.07	149.91
BUNBURY	834	-33.32	115.66
KARUMBA	835	-17.50	140.83
PORT_NOLLOTH	836	-29.26	16.87
NEWCASTLE_V	837	-32.92	151.79
HOBART	838	-42.88	147.34
TORSHAVN	839	62.02	-6.77
HONDAU	841	20.67	106.80
PORT_RENFREW	842	48.55	-124.42
SANTA_CRUZ_DAS_FLORES	843	39.45	-31.12
SHIMONOSEKI_I	845	33.97	130.95
KOBE	846	34.68	135.18
TAKAMATSU	847	34.35	134.05
PORT_JEFFERSON	848	40.95	-73.08
NOUMEA-CHALEIX	852	-22.30	166.43
NEW_ROCHELLE	856	40.89	-73.78
MAR_DEL_PLATA	857	-38.03	-57.53
BELYI_NOS	859	69.60	60.22
NAGOYA	860	35.08	136.88
MOSSEL_BAY	910	-34.18	22.14
LUDERITZ	911	-26.64	15.15
MOZI	912	33.95	130.97
ARGENTINE_ISLANDS	913	-65.25	-64.26
WALVIS_BAY	914	-22.95	14.50
MALIN_HEAD	916	55.37	-7.33
SOPOCHNAIA_KARGA	917	71.87	82.70
TUXPAN	918	21.00	-97.33
PADRE_ISLAND	919	26.07	-97.15
ZHAPO	933	21.58	111.82
KANMEN	934	28.08	121.28
DARWIN	935	-12.47	130.85
HEYSHAM	936	54.03	-2.92
ZHOHOVA	937	76.15	152.83
KNYSNA	950	-34.05	23.05
PORTNEUF	951	46.68	-71.88
SIBAURA	952	35.63	139.75
CAIRNS	953	-16.92	145.78
MOKPO	954	34.78	126.38
BUSAN	955	35.10	129.04
INCHEON	956	37.45	126.59
ALBANY	957	-35.03	117.89
SETE	958	43.40	3.70
ALICANTE	960	38.34	-0.48
CHINHAE	970	35.15	128.65
LUSI	979	32.13	121.62
TOULON	980	43.11	5.91
GIBRALTAR	981	36.15	-5.36
DEVONPORT	982	50.37	-4.19
COCOS_ISLAND	983	-12.12	96.89
BELLA_BELLA	984	52.17	-128.13
CADIZ_III	985	36.54	-6.29
PORT_TARANAKI	996	-39.06	174.03
ULSAN	997	35.50	129.39
TIMARU_HARBOUR	998	-44.39	171.26
ST-FRANCOIS	999	47.00	-70.82
TUKTOYAKTUK	1000	69.42	-132.97
SAN_JUAN	1001	18.46	-66.11
TRIBENI	1002	22.98	88.40
HONNGU	1003	18.80	105.77
CHAMPLAIN	1005	46.43	-72.40
PESCHANYI	1006	79.43	102.48
WONSAN	1007	39.17	127.45
KOPER	1009	45.55	13.72
ACAJUTLA	1011	13.57	-89.83
KRENKELIA	1012	80.62	58.05
RINCON_ISLAND	1013	34.35	-119.44
NASE_II	1018	28.38	129.50
SAGYLLAH-ARY	1019	73.15	128.88
CIUDAD_MADERO	1020	22.25	-97.80
ONISAKI	1026	34.90	136.82
OSHORO_II	1027	43.21	140.86
HIROSIMA	1028	34.35	132.46
FUNCHAL	1030	32.64	-16.91
GERALDTON	1031	-28.78	114.60
ILHA_FISCAL	1032	-22.90	-43.17
STONY_POINT	1033	-38.37	145.22
TAI_PO_KAU	1034	22.44	114.18
AMRUM	1036	54.62	8.38
BORKUM	1037	53.56	6.75
PORT_MANSFIELD	1038	26.55	-97.42
TEMA	1049	5.62	0.00
MIYAKE_SIMA	1060	34.07	139.48
KOZU_SIMA	1061	34.21	139.13
MATSUYAMA_II	1062	33.86	132.71
MINAMI_IZU	1064	34.62	138.88
WHANGAREI_HARBOUR	1065	-35.76	174.35
JEJU	1066	33.53	126.54
ANCHORAGE	1067	61.24	-149.89
BRIDGEPORT	1068	41.17	-73.18
VICTOR_HARBOUR	1069	-35.56	138.64
SELDOVIA	1070	59.44	-151.72
PORT_HARDY	1071	50.72	-127.48
TUTICORIN	1072	8.75	78.20
ROSYTH	1074	56.02	-3.45
BAR	1075	42.08	19.08
POINTE_ST. GILDAS	1078	47.13	-2.25
SANTO_TOMAS_DE_CASTILLA	1080	15.70	-88.62
MAISAKA	1089	34.68	137.61
URAGAMI	1090	33.56	135.90
OKADA	1091	34.79	139.39
AWA_SIMA	1093	38.47	139.25
HAKATA	1094	33.62	130.41
SAIGO	1095	36.20	133.33
NISINOOMOTE	1096	30.73	130.99
ODOMARI	1097	31.02	130.69
SUMOTO	1098	34.34	134.91
OSAKA	1099	34.66	135.43
NAGASAKI	1100	32.73	129.87
FUKUE	1101	32.70	128.85
OURA	1102	32.98	130.22
WAKKANAI	1103	45.41	141.69
ABASHIRI	1104	44.02	144.29
NAKANO_SIMA	1105	29.84	129.85
FORT_MYERS	1106	26.65	-81.87
NAPLES	1107	26.13	-81.81
MUKHO	1108	37.55	129.12
WICK	1109	58.44	-3.09
NANTUCKET_ISLAND	1111	41.28	-70.10
ULLAPOOL	1112	57.90	-5.16
HELGEROA	1113	59.00	9.86
ESPERANCE	1114	-33.87	121.90
CARNARVON	1115	-24.90	113.65
WYNDHAM	1116	-15.45	128.10
DEVONPORT	1118	-41.18	146.36
PICTOU	1121	45.68	-62.70
ANTIPAIUTA	1128	69.08	76.85
OWASE	1146	34.08	136.21
SASEBO_II	1147	33.16	129.72
TAJIRI	1148	35.59	134.32
MIYAKO_II	1149	39.64	141.98
SHIRAHAMA	1150	33.68	135.38
NAHA	1151	26.21	127.67
PATRICIA_BAY	1152	48.65	-123.45
CAPE_MAY	1153	38.97	-74.96
BUNDABERG	1154	-24.77	152.38
YEOSU	1155	34.75	127.77
DAUPHIN_ISLAND	1156	30.25	-88.08
WEIPA	1157	-12.67	141.87
YARMOUTH	1158	43.83	-66.13
BROOME	1159	-18.00	122.22
MILNER_BAY	1160	-13.86	136.42
PARADIP	1161	20.27	86.70
SIBONEY	1162	23.10	-82.47
RABAUL	1164	-4.20	152.18
MIKUNI	1190	36.25	136.15
KATSUURA	1191	35.13	140.25
APALACHICOLA	1193	29.73	-84.98
MURORAN	1194	42.35	140.95
CAPE_TOWN	1195	-33.91	18.43
SOUTH_BEACH	1196	44.62	-124.04
FYNSHAV	1197	54.99	9.99
STE-ANNE-DES-MONTS	1199	49.13	-66.48
SE-LAHA	1200	70.15	72.57
KURE_IV	1209	34.24	132.55
TOKUYAMA_II	1210	34.04	131.80
SPIKARNA	1211	62.36	17.53
UWAJIMA_II	1212	33.23	132.55
RIVIERE-AU-RENARD	1213	49.00	-64.38
ILFRACOMBE	1214	51.21	-4.11
PORTPATRICK	1215	54.84	-5.12
SPRING_BAY	1216	-42.55	147.93
MAJURO-B	1217	7.10	171.37
BAIE_COMEAU	1218	49.23	-68.13
TADOUSSAC	1219	48.13	-69.72
SOUDHAS	1232	35.49	24.08
LEROS	1233	37.13	26.85
SIROS	1234	37.44	24.95
GOTEBORG - TORSHAMNEN	1236	57.68	11.79
KHALKIS_NORTH	1237	38.47	23.59
ALEXANDROUPOLIS	1238	40.84	25.88
LEVKAS	1239	38.83	20.71
KATAKOLON	1240	37.64	21.32
RORVIK	1241	64.86	11.23
BAMFIELD	1242	48.85	-125.13
RHODOS	1243	36.44	28.24
ST-JOSEPH-DE-LA-RIVE	1244	47.45	-70.37
NEW  WESTMINSTER	1245	49.20	-122.92
HAY_POINT	1246	-21.28	149.30
PORT_TUDY	1247	47.64	-3.45
SULTAN_SHOAL	1248	1.23	103.65
MORMUGAO	1249	15.42	73.80
PATRAI	1250	38.42	21.73
MALAKAL-B	1252	7.33	134.47
RIKITEA	1253	-23.12	-134.97
STEVESTON	1255	49.12	-123.18
OMAEZAKI_II	1263	34.61	138.22
OGA	1264	39.94	139.71
AKUNE	1265	32.02	130.19
HACHINOHE_II	1266	40.53	141.53
HONNINGSVAG	1267	70.98	25.97
BOOBY_ISLAND	1268	-10.60	141.91
CHARLESTON_II	1269	43.34	-124.32
HALDIA	1270	22.03	88.10
USHUAIA_II	1271	-54.82	-68.22
EASTER_ISLAND-E	1272	-27.15	-109.47
CALLAO_2	1274	-12.05	-77.15
JURONG	1275	1.30	103.72
OITA_II	1293	33.27	131.69
LE_CONQUET	1294	48.36	-4.78
CAMBRIDGE_II	1295	38.57	-76.07
URAKAWA_II	1296	42.17	142.77
CABO_DE_SAN_ANTONIO	1297	21.90	-84.90
NORTH_SYDNEY	1299	46.22	-60.25
INCE_POINT	1300	-10.51	142.31
CONCARNEAU	1301	47.87	-3.91
HAGI	1306	34.43	131.42
KARIYA	1318	33.47	129.85
KURE_I	1320	33.33	133.24
ARGENTIA	1321	47.30	-53.98
SEPT-ILES	1322	50.20	-66.40
CAMPBELL_RIVER	1323	50.02	-125.23
POHANG	1324	36.05	129.38
PORT_TOWNSEND	1325	48.11	-122.76
CAPE_LAMBERT	1328	-20.59	117.19
KANTON_ISLAND-B	1329	-2.82	-171.72
ITO_II	1343	34.90	139.13
OGI	1344	37.81	138.28
SOMA	1345	37.83	140.96
KAMAISI_II	1346	39.27	141.89
ROSCOFF	1347	48.72	-3.97
LOWER_ESCUMINAC	1349	47.08	-64.88
NIKISKI	1350	60.68	-151.40
RAFFLES_LIGHT_HOUSE	1351	1.17	103.75
MONTEREY	1352	36.60	-121.89
VALDEZ	1353	61.12	-146.36
TOKE_POINT	1354	46.71	-123.97
CABO_SAN_LUCAS	1355	22.88	-109.90
KAOHSIUNG_II	1356	22.53	120.32
OFUNATO_II	1364	39.02	141.75
SOKCHO	1365	38.21	128.59
TSIM_BEI_TSUI	1366	22.49	114.01
WHYALLA_III	1367	-33.01	137.59
GOODS_ISLAND	1368	-10.56	142.15
GANGRA	1369	21.95	88.02
POHNPEI-B	1370	6.98	158.23
CHRISTMAS_ISLAND_II	1371	1.98	-157.48
FRENCH_FRIGATE_SHOALS	1372	23.87	-166.28
HONIARA_II	1373	-9.43	159.95
KUCHINOTSU	1386	32.61	130.20
MAIZURU_II	1387	35.48	135.39
OKINAWA	1388	26.18	127.82
TOYAMA	1389	36.76	137.22
MUROTOMISAKI	1390	33.27	134.16
CHICHIJIMA	1391	27.08	142.18
PORT-ALFRED	1392	48.33	-70.87
CHARLOTTE_AMALIE	1393	18.34	-64.92
POINT_REYES	1394	37.99	-122.98
OKHA	1395	22.47	69.08
PAPEETE-B	1397	-17.53	-149.57
BYKOV_MYS	1399	72.00	129.12
TANGGU	1403	39.00	117.72
SHIJIUSUO	1404	35.38	119.55
LIANYUNGANG	1405	34.75	119.45
SHANWEI	1406	22.75	115.35
BEIHAI	1408	21.48	109.08
WALLAROO_II	1420	-33.93	137.62
NY-ALESUND	1421	78.93	11.94
NORTH_SOUND	1422	19.30	-81.32
MANGALORE	1423	12.92	74.80
SOUTH_SOUND	1426	19.27	-81.38
HAIKOU	1428	20.02	110.28
TAGO	1437	34.81	138.76
YAIZU	1438	34.87	138.33
KAMINATO_II	1440	33.13	139.80
KHALKIS_SOUTH	1441	38.46	23.59
HANASAKI_II	1442	43.28	145.57
SPRINGMAID_PIER	1444	33.66	-78.92
GADEOKDO	1445	35.02	128.81
TONGYEONG	1446	34.83	128.43
LIME_TREE_BAY	1447	17.69	-64.75
KOSEROW	1448	54.06	14.00
QUINHON	1449	13.77	109.25
PENRHYN	1450	-9.02	-158.07
HIRON_POINT	1451	21.78	89.47
FUNAFUTI	1452	-8.53	179.22
KHEPUPARA	1454	21.83	89.83
ALMERIA	1455	36.83	-2.48
SINES	1456	37.95	-8.88
NICE	1468	43.70	7.29
PORT_VENDRES	1469	42.52	3.11
MONBETU_II	1470	44.35	143.37
PORT_DOUGLAS_2	1471	-16.48	145.47
KAPINGAMARANGI	1473	1.10	154.78
SAIPAN	1474	15.23	145.75
DANANG	1475	16.10	108.22
COX'S_BAZAAR	1476	21.45	91.83
NAGOYA_II	1488	35.09	136.88
HEUKSANDO	1489	34.68	125.44
ULLEUNG	1490	37.49	130.91
TOBERMORY	1491	56.62	-6.06
CAPE_FERGUSON	1492	-19.28	147.06
MOOLOOLABA_2	1493	-26.68	153.13
VUNGTAU	1495	10.33	107.07
CHARCHANGA	1496	22.22	91.05
POINTE_DES_GALETS	1501	-20.93	55.29
WHITBY	1505	54.49	-0.61
PORT_STANVAC	1506	-35.11	138.47
LAOHUTAN	1513	38.87	121.68
NASE_III	1522	28.50	129.50
MAIZURU_III	1523	35.45	135.32
CUTLER_II	1524	44.64	-67.30
LEITH_II	1526	55.99	-3.18
GUNSAN	1527	35.98	126.56
CHOSHI-GYOKO	1544	35.74	140.86
TOKYO_III	1545	35.65	139.77
GEOMUNDO	1546	34.03	127.31
PORTLAND	1547	-38.34	141.61
NEWHAVEN	1548	50.78	0.06
KING_BAY	1549	-20.62	116.75
PORT_GILES	1550	-35.02	137.77
ROOMPOT_BUITEN	1551	51.62	3.68
KOCHI_III	1567	33.50	133.57
WANDO	1568	34.32	126.76
SHUTE_HARBOUR_2	1569	-20.28	148.78
PUERTO_ARMUELLES_B	1571	8.27	-82.87
HAMADA_II	1585	34.90	132.07
IZUHARA_II	1586	34.20	129.29
TAPPI	1587	41.24	140.38
CHUJADO	1588	33.96	126.30
TANJUNG_GELANG	1589	3.98	103.43
TAURANGA	1590	-37.64	176.18
PELABUHAN_KELANG	1591	3.05	101.36
CENDERING	1592	5.26	103.19
TANJUNG_KELING	1593	2.21	102.15
LUMUT	1594	4.24	100.61
PULAU_PINANG	1595	5.42	100.35
YOSIOKA	1596	41.45	140.25
RIMOUSKI	1597	48.48	-68.52
ZANZIBAR	1600	-6.15	39.18
PUERTO_SOBERANIA	1603	-62.48	-59.63
SEOGWIPO	1627	33.24	126.56
WIDO	1628	35.62	126.30
MOURILYAN_HARBOUR	1629	-17.58	146.08
LUCINDA	1630	-18.52	146.38
ONSLOW	1631	-21.65	115.13
CROMER	1632	52.93	1.30
CHERRY_POINT	1633	48.86	-122.76
SAND_POINT	1634	55.34	-160.50
CHESAPEAKE_BAY_BR. TUN.	1635	36.97	-76.11
DUCK_PIER_OUTSIDE	1636	36.18	-75.75
BERGEN_POINT	1637	40.64	-74.14
CLEARWATER_BEACH	1638	27.98	-82.83
N. SPIT	1639	40.77	-124.22
PORT_ORFORD	1640	42.74	-124.50
PANAMA_CITY	1641	30.15	-85.67
PORT_CHALMERS	1643	-45.81	170.62
JUAN_FERNANDEZ-C	1644	-33.64	-78.83
BALTRA-B	1645	-0.43	-90.28
ISHIGAKI_II	1671	24.33	124.16
RODRIGUES_IS	1672	-19.67	63.42
PORT_LOUIS_II	1673	-20.15	57.50
QUARRY_BAY	1674	22.29	114.21
BORYEONG	1675	36.41	126.49
PULAU_LANGKAWI	1676	6.43	99.76
KUKUP	1677	1.33	103.44
PULAU_TIOMAN	1678	2.81	104.14
MENTES/IZMIR	1679	38.43	26.72
ANTALYA_II	1681	36.83	30.62
LAKE_WORTH_PIER	1696	26.61	-80.03
ANHEUNG	1699	36.67	126.13
MILFORD_HAVEN	1700	51.71	-5.05
VACA_KEY	1701	24.71	-81.11
TANJUNG_SEDILI	1702	1.93	104.11
GETING	1703	6.23	102.11
GOLD_COAST_SEAWAY_2	1704	-27.95	153.42
SUCURAJ	1706	43.13	17.20
GAN_II	1707	-0.68	73.15
SURIGAO	1708	9.78	125.50
SAN_JOSE	1711	12.33	121.08
NAN_SHA	1730	9.55	112.88
FISHGUARD_II	1731	52.01	-4.98
KOTA_KINABALU	1733	5.98	116.07
TAWAU	1734	4.23	117.88
MARSAXLOKK  	1735	35.82	14.53
XI_SHA	1745	16.83	112.33
TANJONG_PAGAR	1746	1.27	103.85
LES_SABLES_D OLONNE	1747	46.50	-1.79
TRONDHEIM_2	1748	63.44	10.39
TURTLE_HEAD	1749	-10.52	142.21
NAPIER	1750	-39.48	176.92
SAN_FELIX	1751	-26.29	-80.11
MALE-B	1753	4.18	73.53
HINKLEY_POINT	1758	51.21	-3.13
VIKER	1759	59.04	10.95
ROSSLYN_BAY	1760	-23.16	150.79
HILLARYS	1761	-31.83	115.74
EXMOUTH	1762	-21.95	114.14
L'ESTARTIT	1764	42.05	3.21
ISLAY	1772	55.63	-6.19
WEYMOUTH	1773	50.61	-2.45
KINLOCHBERVIE	1775	58.46	-5.05
ANABAR	1780	73.22	113.50
POINTE-A-PITRE	1784	16.22	-61.53
TAKAMATSU_II	1789	34.35	134.06
KOBE_II	1790	34.68	135.19
KO_MATTAPHON	1792	10.45	99.25
PORT_ERIN	1793	54.09	-4.77
WORKINGTON	1794	54.65	-3.57
ST_HELIER	1795	49.18	-2.12
STANLEY_II	1796	-51.69	-57.82
HADERA	1797	32.47	34.86
BECANCOUR	1798	46.40	-72.38
WINTER_HARBOUR	1799	50.52	-128.03
NOME	1800	64.50	-165.43
BOUCAU	1801	43.53	-1.51
LAS_PALMAS_D	1802	28.14	-15.41
TENERIFE	1803	28.48	-16.24
BETIO	1804	1.37	172.93
LAUTOKA	1805	-17.60	177.44
BILBAO	1806	43.35	-3.05
SANTANDER_III	1807	43.46	-3.79
LA_CORUNA_III	1808	43.36	-8.39
BONANZA	1809	36.80	-6.34
MALAGA_II	1810	36.71	-4.42
BARCELONA	1811	41.34	2.17
TEJN	1812	55.25	14.84
VALENCIA	1813	39.44	-0.31
DAKAR_2	1816	14.68	-17.42
SHIMONOSEKI_III	1830	33.92	130.93
BINTULU	1833	3.26	113.06
SANDAKAN	1834	5.81	118.07
SABINE_PASS_NORTH	1835	29.73	-93.87
LORNE	1836	-38.55	143.99
MAJURO-C	1838	7.11	171.37
FUNAFUTI_B	1839	-8.50	179.20
APIA_B	1840	-13.83	-171.76
PORT_VILA_B	1841	-17.76	168.31
NUKU'ALOFA_B	1842	-21.14	-175.18
RAROTONGA_B	1843	-21.20	-159.78
NAURU-B	1844	-0.53	166.91
POINT_LA_RUE	1846	-4.67	55.53
KERGUELEN	1849	-49.35	70.26
LLANDUDNO	1854	53.33	-3.83
PRUDHOE_BAY	1857	70.40	-148.53
VIRGINIA_KEY	1858	25.73	-80.16
ZADAR	1859	44.12	15.23
LOMBRUM	1860	-2.04	147.37
HONIARA-B	1861	-9.43	159.96
PORTRUSH	1867	55.21	-6.66
GIJON_II	1871	43.56	-5.70
LAHAT_DATU	1877	5.02	118.35
BOURNEMOUTH	1878	50.71	-1.87
LABUAN_2	1879	5.27	115.25
HUELVA	1883	37.13	-6.83
MASIRAH	1887	20.68	58.87
TAI_MIU_WAN	1891	22.27	114.29
PALMA_DE_MALLORCA	1892	39.55	2.64
TUAS	1894	1.28	103.67
WEST_COAST	1895	1.30	103.77
WEST_TUAS	1896	1.34	103.63
VILLAGARCIA	1897	42.60	-8.77
VIGO_II	1898	42.24	-8.73
SHEK_PIK	1902	22.22	113.89
CORPUS_CHRISTI	1903	27.58	-97.22
CABO_CRUZ	1910	19.83	-77.73
PALMEIRA	1914	16.75	-22.98
PORT_BLOC	1915	45.57	-1.06
LE_CROUESTY	1921	47.54	-2.90
HUPO	1923	36.68	129.45
POHNPEI_C	1925	6.98	158.20
CASILDA_II	2021	21.75	-79.99
BUGRINO	2025	68.80	49.33
MYS_PIKSHUEVA	2026	69.55	32.43
POLYARNIY	2027	69.20	33.48
TERIBERKA	2028	69.20	35.12
PORT_ALMA	2072	-23.58	150.87
URANGAN_II	2073	-25.30	152.92
BOWEN_II	2074	-20.02	148.25
KALIX	2101	65.70	23.10
SKAGSUDDE	2102	63.19	19.01
FORSMARK	2103	60.41	18.21
MARVIKEN	2104	58.55	16.84
VISBY	2105	57.64	18.28
OSKARSHAMN	2106	57.27	16.48
SIMRISHAMN	2107	55.56	14.36
SKANOR	2108	55.42	12.83
BARSEBACK	2109	55.76	12.90
VIKEN	2110	56.14	12.58
RINGHALS	2111	57.25	12.11
STENUNGSUND	2112	58.09	11.83
KUNGSVIK	2113	59.00	11.13
TRIDENT_PIER	2123	28.41	-80.59
ARENA_COVE	2125	38.91	-123.71
SANTA_BARBARA	2126	34.41	-119.69
PORT_ANGELES	2127	48.12	-123.44
KAWAIHAE	2128	20.04	-155.83
GOTEBORG-RINGON	2133	57.72	11.97
MOMBASA_II	2183	-4.07	39.65
LAMU_B	2198	-2.27	40.90
BAY_WAVELAND_YACHT_CLUB_II	2215	30.33	-89.33
IQUIQUE_II	2261	-20.20	-70.15
CORRAL_II	2262	-39.88	-73.42
PUNTA_ARENAS_II	2263	-53.12	-70.86
ANCUD	2264	-41.87	-73.83
OCEAN_CITY_INLET	2292	38.33	-75.09
CAPE_HATTERAS	2294	35.22	-75.64
BEAUFORT	2295	34.72	-76.67
BRUNSWICK_HEADS	2310	-28.54	153.55
COFFS_HARBOUR_III	2311	-30.30	153.15
JERVIS_BAY_II	2312	-35.12	150.71
PORT_MACQUARIE	2313	-31.43	152.91
TWEED_HEADS	2314	-28.17	153.55
PORT_STEPHENS	2316	-32.71	152.18
KINGS_POINT	2322	40.81	-73.77
TOLCHESTER_BEACH	2323	39.21	-76.25
LEWISETTA	2324	37.99	-76.47
OREGON_INLET_MARINA	2325	35.80	-75.55
MAYPORT	2326	30.40	-81.43
REDWOOD_CITY	2329	37.51	-122.21
PORT_CHICAGO	2330	38.05	-122.04
SUVA-B	2356	-18.13	178.43
SYDNEY_PORT_JACKSON	2358	-33.83	151.26
grid_70.0_19.0	1002000190	70.00	19.00
grid_69.0_33.0	1002100330	69.00	33.00
grid_68.0_33.0	1002200330	68.00	33.00
grid_65.0_25.0	1002500250	65.00	25.00
grid_65.0_40.0	1002500400	65.00	40.00
grid_65.0_41.0	1002500410	65.00	41.00
grid_64.0_20.0	1002600200	64.00	20.00
grid_64.0_338.0	1002603380	64.00	-22.00
grid_63.0_10.0	1002700100	63.00	10.00
grid_61.0_26.0	1002900260	61.00	26.00
grid_61.0_210.0	1002902100	61.00	-150.00
grid_60.0_5.0	1003000050	60.00	5.00
grid_60.0_10.0	1003000100	60.00	10.00
grid_60.0_11.0	1003000110	60.00	11.00
grid_60.0_17.0	1003000170	60.00	17.00
grid_60.0_18.0	1003000180	60.00	18.00
grid_60.0_22.0	1003000220	60.00	22.00
grid_60.0_25.0	1003000250	60.00	25.00
grid_60.0_30.0	1003000300	60.00	30.00
grid_60.0_31.0	1003000310	60.00	31.00
grid_60.0_151.0	1003001510	60.00	151.00
grid_59.0_6.0	1003100060	59.00	6.00
grid_59.0_11.0	1003100110	59.00	11.00
grid_59.0_15.0	1003100150	59.00	15.00
grid_59.0_16.0	1003100160	59.00	16.00
grid_59.0_17.0	1003100170	59.00	17.00
grid_59.0_18.0	1003100180	59.00	18.00
grid_59.0_25.0	1003100250	59.00	25.00
grid_59.0_27.0	1003100270	59.00	27.00
grid_59.0_28.0	1003100280	59.00	28.00
grid_58.0_8.0	1003200080	58.00	8.00
grid_58.0_12.0	1003200120	58.00	12.00
grid_58.0_13.0	1003200130	58.00	13.00
grid_58.0_16.0	1003200160	58.00	16.00
grid_57.0_10.0	1003300100	57.00	10.00
grid_57.0_21.0	1003300210	57.00	21.00
grid_57.0_24.0	1003300240	57.00	24.00
grid_57.0_358.0	1003303580	57.00	-2.00
grid_56.0_10.0	1003400100	56.00	10.00
grid_56.0_12.0	1003400120	56.00	12.00
grid_56.0_13.0	1003400130	56.00	13.00
grid_56.0_21.0	1003400210	56.00	21.00
grid_56.0_355.0	1003403550	56.00	-5.00
grid_56.0_356.0	1003403560	56.00	-4.00
grid_56.0_357.0	1003403570	56.00	-3.00
grid_55.0_9.0	1003500090	55.00	9.00
grid_55.0_10.0	1003500100	55.00	10.00
grid_55.0_18.0	1003500180	55.00	18.00
grid_55.0_21.0	1003500210	55.00	21.00
grid_55.0_353.0	1003503530	55.00	-7.00
grid_55.0_354.0	1003503540	55.00	-6.00
grid_55.0_355.0	1003503550	55.00	-5.00
grid_55.0_357.0	1003503570	55.00	-3.00
grid_55.0_358.0	1003503580	55.00	-2.00
grid_55.0_359.0	1003503590	55.00	-1.00
grid_54.0_0.0	1003600000	54.00	0.00
grid_54.0_9.0	1003600090	54.00	9.00
grid_54.0_10.0	1003600100	54.00	10.00
grid_54.0_11.0	1003600110	54.00	11.00
grid_54.0_12.0	1003600120	54.00	12.00
grid_54.0_13.0	1003600130	54.00	13.00
grid_54.0_16.0	1003600160	54.00	16.00
grid_54.0_17.0	1003600170	54.00	17.00
grid_54.0_19.0	1003600190	54.00	19.00
grid_54.0_20.0	1003600200	54.00	20.00
grid_54.0_357.0	1003603570	54.00	-3.00
grid_54.0_358.0	1003603580	54.00	-2.00
grid_54.0_359.0	1003603590	54.00	-1.00
grid_53.0_0.0	1003700000	53.00	0.00
grid_53.0_1.0	1003700010	53.00	1.00
grid_53.0_2.0	1003700020	53.00	2.00
grid_53.0_5.0	1003700050	53.00	5.00
grid_53.0_6.0	1003700060	53.00	6.00
grid_53.0_7.0	1003700070	53.00	7.00
grid_53.0_8.0	1003700080	53.00	8.00
grid_53.0_9.0	1003700090	53.00	9.00
grid_53.0_10.0	1003700100	53.00	10.00
grid_53.0_15.0	1003700150	53.00	15.00
grid_53.0_19.0	1003700190	53.00	19.00
grid_53.0_159.0	1003701590	53.00	159.00
grid_53.0_351.0	1003703510	53.00	-9.00
grid_53.0_354.0	1003703540	53.00	-6.00
grid_53.0_357.0	1003703570	53.00	-3.00
grid_53.0_358.0	1003703580	53.00	-2.00
grid_53.0_359.0	1003703590	53.00	-1.00
grid_52.0_0.0	1003800000	52.00	0.00
grid_52.0_1.0	1003800010	52.00	1.00
grid_52.0_2.0	1003800020	52.00	2.00
grid_52.0_4.0	1003800040	52.00	4.00
grid_52.0_5.0	1003800050	52.00	5.00
grid_52.0_6.0	1003800060	52.00	6.00
grid_52.0_7.0	1003800070	52.00	7.00
grid_52.0_352.0	1003803520	52.00	-8.00
grid_52.0_356.0	1003803560	52.00	-4.00
grid_52.0_357.0	1003803570	52.00	-3.00
grid_52.0_358.0	1003803580	52.00	-2.00
grid_52.0_359.0	1003803590	52.00	-1.00
grid_51.0_0.0	1003900000	51.00	0.00
grid_51.0_1.0	1003900010	51.00	1.00
grid_51.0_2.0	1003900020	51.00	2.00
grid_51.0_3.0	1003900030	51.00	3.00
grid_51.0_4.0	1003900040	51.00	4.00
grid_51.0_5.0	1003900050	51.00	5.00
grid_51.0_6.0	1003900060	51.00	6.00
grid_51.0_356.0	1003903560	51.00	-4.00
grid_51.0_357.0	1003903570	51.00	-3.00
grid_51.0_358.0	1003903580	51.00	-2.00
grid_51.0_359.0	1003903590	51.00	-1.00
grid_50.0_2.0	1004000020	50.00	2.00
grid_50.0_3.0	1004000030	50.00	3.00
grid_50.0_4.0	1004000040	50.00	4.00
grid_50.0_356.0	1004003560	50.00	-4.00
grid_50.0_358.0	1004003580	50.00	-2.00
grid_49.0_0.0	1004100000	49.00	0.00
grid_49.0_1.0	1004100010	49.00	1.00
grid_49.0_236.0	1004102360	49.00	-124.00
grid_49.0_237.0	1004102370	49.00	-123.00
grid_49.0_238.0	1004102380	49.00	-122.00
grid_49.0_357.0	1004103570	49.00	-3.00
grid_49.0_358.0	1004103580	49.00	-2.00
grid_48.0_38.0	1004200380	48.00	38.00
grid_48.0_39.0	1004200390	48.00	39.00
grid_48.0_40.0	1004200400	48.00	40.00
grid_48.0_237.0	1004202370	48.00	-123.00
grid_48.0_238.0	1004202380	48.00	-122.00
grid_48.0_307.0	1004203070	48.00	-53.00
grid_48.0_356.0	1004203560	48.00	-4.00
grid_48.0_357.0	1004203570	48.00	-3.00
grid_48.0_358.0	1004203580	48.00	-2.00
grid_47.0_29.0	1004300290	47.00	29.00
grid_47.0_30.0	1004300300	47.00	30.00
grid_47.0_31.0	1004300310	47.00	31.00
grid_47.0_32.0	1004300320	47.00	32.00
grid_47.0_33.0	1004300330	47.00	33.00
grid_47.0_35.0	1004300350	47.00	35.00
grid_47.0_37.0	1004300370	47.00	37.00
grid_47.0_38.0	1004300380	47.00	38.00
grid_47.0_39.0	1004300390	47.00	39.00
grid_47.0_40.0	1004300400	47.00	40.00
grid_47.0_143.0	1004301430	47.00	143.00
grid_47.0_237.0	1004302370	47.00	-123.00
grid_47.0_238.0	1004302380	47.00	-122.00
grid_47.0_289.0	1004302890	47.00	-71.00
grid_47.0_358.0	1004303580	47.00	-2.00
grid_46.0_0.0	1004400000	46.00	0.00
grid_46.0_12.0	1004400120	46.00	12.00
grid_46.0_13.0	1004400130	46.00	13.00
grid_46.0_14.0	1004400140	46.00	14.00
grid_46.0_15.0	1004400150	46.00	15.00
grid_46.0_30.0	1004400300	46.00	30.00
grid_46.0_31.0	1004400310	46.00	31.00
grid_46.0_34.0	1004400340	46.00	34.00
grid_46.0_237.0	1004402370	46.00	-123.00
grid_46.0_359.0	1004403590	46.00	-1.00
grid_45.0_8.0	1004500080	45.00	8.00
grid_45.0_9.0	1004500090	45.00	9.00
grid_45.0_10.0	1004500100	45.00	10.00
grid_45.0_11.0	1004500110	45.00	11.00
grid_45.0_12.0	1004500120	45.00	12.00
grid_45.0_14.0	1004500140	45.00	14.00
grid_45.0_28.0	1004500280	45.00	28.00
grid_45.0_29.0	1004500290	45.00	29.00
grid_45.0_33.0	1004500330	45.00	33.00
grid_45.0_34.0	1004500340	45.00	34.00
grid_45.0_35.0	1004500350	45.00	35.00
grid_45.0_36.0	1004500360	45.00	36.00
grid_45.0_37.0	1004500370	45.00	37.00
grid_45.0_38.0	1004500380	45.00	38.00
grid_45.0_39.0	1004500390	45.00	39.00
grid_45.0_40.0	1004500400	45.00	40.00
grid_45.0_237.0	1004502370	45.00	-123.00
grid_45.0_296.0	1004502960	45.00	-64.00
grid_45.0_359.0	1004503590	45.00	-1.00
grid_44.0_4.0	1004600040	44.00	4.00
grid_44.0_5.0	1004600050	44.00	5.00
grid_44.0_7.0	1004600070	44.00	7.00
grid_44.0_8.0	1004600080	44.00	8.00
grid_44.0_9.0	1004600090	44.00	9.00
grid_44.0_10.0	1004600100	44.00	10.00
grid_44.0_11.0	1004600110	44.00	11.00
grid_44.0_12.0	1004600120	44.00	12.00
grid_44.0_13.0	1004600130	44.00	13.00
grid_44.0_14.0	1004600140	44.00	14.00
grid_44.0_15.0	1004600150	44.00	15.00
grid_44.0_16.0	1004600160	44.00	16.00
grid_44.0_28.0	1004600280	44.00	28.00
grid_44.0_29.0	1004600290	44.00	29.00
grid_44.0_34.0	1004600340	44.00	34.00
grid_44.0_39.0	1004600390	44.00	39.00
grid_44.0_40.0	1004600400	44.00	40.00
grid_44.0_131.0	1004601310	44.00	131.00
grid_44.0_132.0	1004601320	44.00	132.00
grid_44.0_142.0	1004601420	44.00	142.00
grid_44.0_144.0	1004601440	44.00	144.00
grid_44.0_237.0	1004602370	44.00	-123.00
grid_44.0_354.0	1004603540	44.00	-6.00
grid_43.0_0.0	1004700000	43.00	0.00
grid_43.0_3.0	1004700030	43.00	3.00
grid_43.0_4.0	1004700040	43.00	4.00
grid_43.0_5.0	1004700050	43.00	5.00
grid_43.0_6.0	1004700060	43.00	6.00
grid_43.0_7.0	1004700070	43.00	7.00
grid_43.0_9.0	1004700090	43.00	9.00
grid_43.0_11.0	1004700110	43.00	11.00
grid_43.0_12.0	1004700120	43.00	12.00
grid_43.0_13.0	1004700130	43.00	13.00
grid_43.0_18.0	1004700180	43.00	18.00
grid_43.0_19.0	1004700190	43.00	19.00
grid_43.0_26.0	1004700260	43.00	26.00
grid_43.0_27.0	1004700270	43.00	27.00
grid_43.0_28.0	1004700280	43.00	28.00
grid_43.0_40.0	1004700400	43.00	40.00
grid_43.0_42.0	1004700420	43.00	42.00
grid_43.0_129.0	1004701290	43.00	129.00
grid_43.0_130.0	1004701300	43.00	130.00
grid_43.0_132.0	1004701320	43.00	132.00
grid_43.0_133.0	1004701330	43.00	133.00
grid_43.0_141.0	1004701410	43.00	141.00
grid_43.0_142.0	1004701420	43.00	142.00
grid_43.0_143.0	1004701430	43.00	143.00
grid_43.0_144.0	1004701440	43.00	144.00
grid_43.0_289.0	1004702890	43.00	-71.00
grid_43.0_351.0	1004703510	43.00	-9.00
grid_43.0_352.0	1004703520	43.00	-8.00
grid_43.0_354.0	1004703540	43.00	-6.00
grid_43.0_356.0	1004703560	43.00	-4.00
grid_43.0_357.0	1004703570	43.00	-3.00
grid_43.0_358.0	1004703580	43.00	-2.00
grid_42.0_1.0	1004800010	42.00	1.00
grid_42.0_2.0	1004800020	42.00	2.00
grid_42.0_3.0	1004800030	42.00	3.00
grid_42.0_9.0	1004800090	42.00	9.00
grid_42.0_12.0	1004800120	42.00	12.00
grid_42.0_13.0	1004800130	42.00	13.00
grid_42.0_14.0	1004800140	42.00	14.00
grid_42.0_15.0	1004800150	42.00	15.00
grid_42.0_16.0	1004800160	42.00	16.00
grid_42.0_19.0	1004800190	42.00	19.00
grid_42.0_20.0	1004800200	42.00	20.00
grid_42.0_27.0	1004800270	42.00	27.00
grid_42.0_32.0	1004800320	42.00	32.00
grid_42.0_36.0	1004800360	42.00	36.00
grid_42.0_42.0	1004800420	42.00	42.00
grid_42.0_43.0	1004800430	42.00	43.00
grid_42.0_120.0	1004801200	42.00	120.00
grid_42.0_121.0	1004801210	42.00	121.00
grid_42.0_122.0	1004801220	42.00	122.00
grid_42.0_123.0	1004801230	42.00	123.00
grid_42.0_129.0	1004801290	42.00	129.00
grid_42.0_130.0	1004801300	42.00	130.00
grid_42.0_141.0	1004801410	42.00	141.00
grid_42.0_287.0	1004802870	42.00	-73.00
grid_42.0_288.0	1004802880	42.00	-72.00
grid_42.0_289.0	1004802890	42.00	-71.00
grid_42.0_351.0	1004803510	42.00	-9.00
grid_42.0_352.0	1004803520	42.00	-8.00
grid_42.0_358.0	1004803580	42.00	-2.00
grid_41.0_1.0	1004900010	41.00	1.00
grid_41.0_2.0	1004900020	41.00	2.00
grid_41.0_9.0	1004900090	41.00	9.00
grid_41.0_13.0	1004900130	41.00	13.00
grid_41.0_14.0	1004900140	41.00	14.00
grid_41.0_15.0	1004900150	41.00	15.00
grid_41.0_16.0	1004900160	41.00	16.00
grid_41.0_17.0	1004900170	41.00	17.00
grid_41.0_18.0	1004900180	41.00	18.00
grid_41.0_19.0	1004900190	41.00	19.00
grid_41.0_20.0	1004900200	41.00	20.00
grid_41.0_23.0	1004900230	41.00	23.00
grid_41.0_24.0	1004900240	41.00	24.00
grid_41.0_25.0	1004900250	41.00	25.00
grid_41.0_27.0	1004900270	41.00	27.00
grid_41.0_28.0	1004900280	41.00	28.00
grid_41.0_29.0	1004900290	41.00	29.00
grid_41.0_30.0	1004900300	41.00	30.00
grid_41.0_31.0	1004900310	41.00	31.00
grid_41.0_32.0	1004900320	41.00	32.00
grid_41.0_33.0	1004900330	41.00	33.00
grid_41.0_34.0	1004900340	41.00	34.00
grid_41.0_35.0	1004900350	41.00	35.00
grid_41.0_36.0	1004900360	41.00	36.00
grid_41.0_37.0	1004900370	41.00	37.00
grid_41.0_38.0	1004900380	41.00	38.00
grid_41.0_39.0	1004900390	41.00	39.00
grid_41.0_40.0	1004900400	41.00	40.00
grid_41.0_41.0	1004900410	41.00	41.00
grid_41.0_120.0	1004901200	41.00	120.00
grid_41.0_121.0	1004901210	41.00	121.00
grid_41.0_122.0	1004901220	41.00	122.00
grid_41.0_123.0	1004901230	41.00	123.00
grid_41.0_125.0	1004901250	41.00	125.00
grid_41.0_129.0	1004901290	41.00	129.00
grid_41.0_140.0	1004901400	41.00	140.00
grid_41.0_141.0	1004901410	41.00	141.00
grid_41.0_142.0	1004901420	41.00	142.00
grid_41.0_285.0	1004902850	41.00	-75.00
grid_41.0_286.0	1004902860	41.00	-74.00
grid_41.0_287.0	1004902870	41.00	-73.00
grid_41.0_351.0	1004903510	41.00	-9.00
grid_40.0_0.0	1005000000	40.00	0.00
grid_40.0_3.0	1005000030	40.00	3.00
grid_40.0_17.0	1005000170	40.00	17.00
grid_40.0_18.0	1005000180	40.00	18.00
grid_40.0_19.0	1005000190	40.00	19.00
grid_40.0_20.0	1005000200	40.00	20.00
grid_40.0_21.0	1005000210	40.00	21.00
grid_40.0_22.0	1005000220	40.00	22.00
grid_40.0_26.0	1005000260	40.00	26.00
grid_40.0_27.0	1005000270	40.00	27.00
grid_40.0_28.0	1005000280	40.00	28.00
grid_40.0_29.0	1005000290	40.00	29.00
grid_40.0_30.0	1005000300	40.00	30.00
grid_40.0_36.0	1005000360	40.00	36.00
grid_40.0_37.0	1005000370	40.00	37.00
grid_40.0_117.0	1005001170	40.00	117.00
grid_40.0_118.0	1005001180	40.00	118.00
grid_40.0_119.0	1005001190	40.00	119.00
grid_40.0_120.0	1005001200	40.00	120.00
grid_40.0_122.0	1005001220	40.00	122.00
grid_40.0_123.0	1005001230	40.00	123.00
grid_40.0_124.0	1005001240	40.00	124.00
grid_40.0_125.0	1005001250	40.00	125.00
grid_40.0_126.0	1005001260	40.00	126.00
grid_40.0_127.0	1005001270	40.00	127.00
grid_40.0_128.0	1005001280	40.00	128.00
grid_40.0_129.0	1005001290	40.00	129.00
grid_40.0_140.0	1005001400	40.00	140.00
grid_40.0_141.0	1005001410	40.00	141.00
grid_40.0_283.0	1005002830	40.00	-77.00
grid_40.0_284.0	1005002840	40.00	-76.00
grid_40.0_285.0	1005002850	40.00	-75.00
grid_40.0_286.0	1005002860	40.00	-74.00
grid_40.0_352.0	1005003520	40.00	-8.00
grid_39.0_0.0	1005100000	39.00	0.00
grid_39.0_1.0	1005100010	39.00	1.00
grid_39.0_9.0	1005100090	39.00	9.00
grid_39.0_16.0	1005100160	39.00	16.00
grid_39.0_21.0	1005100210	39.00	21.00
grid_39.0_23.0	1005100230	39.00	23.00
grid_39.0_27.0	1005100270	39.00	27.00
grid_39.0_28.0	1005100280	39.00	28.00
grid_39.0_116.0	1005101160	39.00	116.00
grid_39.0_117.0	1005101170	39.00	117.00
grid_39.0_118.0	1005101180	39.00	118.00
grid_39.0_119.0	1005101190	39.00	119.00
grid_39.0_121.0	1005101210	39.00	121.00
grid_39.0_122.0	1005101220	39.00	122.00
grid_39.0_125.0	1005101250	39.00	125.00
grid_39.0_126.0	1005101260	39.00	126.00
grid_39.0_127.0	1005101270	39.00	127.00
grid_39.0_128.0	1005101280	39.00	128.00
grid_39.0_140.0	1005101400	39.00	140.00
grid_39.0_141.0	1005101410	39.00	141.00
grid_39.0_238.0	1005102380	39.00	-122.00
grid_39.0_239.0	1005102390	39.00	-121.00
grid_39.0_282.0	1005102820	39.00	-78.00
grid_39.0_283.0	1005102830	39.00	-77.00
grid_39.0_284.0	1005102840	39.00	-76.00
grid_39.0_351.0	1005103510	39.00	-9.00
grid_38.0_0.0	1005200000	38.00	0.00
grid_38.0_13.0	1005200130	38.00	13.00
grid_38.0_14.0	1005200140	38.00	14.00
grid_38.0_15.0	1005200150	38.00	15.00
grid_38.0_16.0	1005200160	38.00	16.00
grid_38.0_22.0	1005200220	38.00	22.00
grid_38.0_24.0	1005200240	38.00	24.00
grid_38.0_27.0	1005200270	38.00	27.00
grid_38.0_28.0	1005200280	38.00	28.00
grid_38.0_31.0	1005200310	38.00	31.00
grid_38.0_34.0	1005200340	38.00	34.00
grid_38.0_117.0	1005201170	38.00	117.00
grid_38.0_118.0	1005201180	38.00	118.00
grid_38.0_119.0	1005201190	38.00	119.00
grid_38.0_120.0	1005201200	38.00	120.00
grid_38.0_121.0	1005201210	38.00	121.00
grid_38.0_122.0	1005201220	38.00	122.00
grid_38.0_125.0	1005201250	38.00	125.00
grid_38.0_126.0	1005201260	38.00	126.00
grid_38.0_127.0	1005201270	38.00	127.00
grid_38.0_128.0	1005201280	38.00	128.00
grid_38.0_129.0	1005201290	38.00	129.00
grid_38.0_139.0	1005201390	38.00	139.00
grid_38.0_140.0	1005201400	38.00	140.00
grid_38.0_141.0	1005201410	38.00	141.00
grid_38.0_237.0	1005202370	38.00	-123.00
grid_38.0_238.0	1005202380	38.00	-122.00
grid_38.0_239.0	1005202390	38.00	-121.00
grid_38.0_282.0	1005202820	38.00	-78.00
grid_38.0_283.0	1005202830	38.00	-77.00
grid_38.0_359.0	1005203590	38.00	-1.00
grid_37.0_1.0	1005300010	37.00	1.00
grid_37.0_2.0	1005300020	37.00	2.00
grid_37.0_3.0	1005300030	37.00	3.00
grid_37.0_4.0	1005300040	37.00	4.00
grid_37.0_5.0	1005300050	37.00	5.00
grid_37.0_6.0	1005300060	37.00	6.00
grid_37.0_7.0	1005300070	37.00	7.00
grid_37.0_8.0	1005300080	37.00	8.00
grid_37.0_9.0	1005300090	37.00	9.00
grid_37.0_10.0	1005300100	37.00	10.00
grid_37.0_11.0	1005300110	37.00	11.00
grid_37.0_14.0	1005300140	37.00	14.00
grid_37.0_15.0	1005300150	37.00	15.00
grid_37.0_27.0	1005300270	37.00	27.00
grid_37.0_28.0	1005300280	37.00	28.00
grid_37.0_29.0	1005300290	37.00	29.00
grid_37.0_31.0	1005300310	37.00	31.00
grid_37.0_32.0	1005300320	37.00	32.00
grid_37.0_33.0	1005300330	37.00	33.00
grid_37.0_34.0	1005300340	37.00	34.00
grid_37.0_35.0	1005300350	37.00	35.00
grid_37.0_36.0	1005300360	37.00	36.00
grid_37.0_37.0	1005300370	37.00	37.00
grid_37.0_118.0	1005301180	37.00	118.00
grid_37.0_119.0	1005301190	37.00	119.00
grid_37.0_120.0	1005301200	37.00	120.00
grid_37.0_121.0	1005301210	37.00	121.00
grid_37.0_122.0	1005301220	37.00	122.00
grid_37.0_126.0	1005301260	37.00	126.00
grid_37.0_127.0	1005301270	37.00	127.00
grid_37.0_128.0	1005301280	37.00	128.00
grid_37.0_129.0	1005301290	37.00	129.00
grid_37.0_137.0	1005301370	37.00	137.00
grid_37.0_138.0	1005301380	37.00	138.00
grid_37.0_139.0	1005301390	37.00	139.00
grid_37.0_140.0	1005301400	37.00	140.00
grid_37.0_141.0	1005301410	37.00	141.00
grid_37.0_238.0	1005302380	37.00	-122.00
grid_37.0_283.0	1005302830	37.00	-77.00
grid_37.0_284.0	1005302840	37.00	-76.00
grid_37.0_353.0	1005303530	37.00	-7.00
grid_37.0_354.0	1005303540	37.00	-6.00
grid_37.0_355.0	1005303550	37.00	-5.00
grid_37.0_356.0	1005303560	37.00	-4.00
grid_37.0_358.0	1005303580	37.00	-2.00
grid_36.0_0.0	1005400000	36.00	0.00
grid_36.0_1.0	1005400010	36.00	1.00
grid_36.0_2.0	1005400020	36.00	2.00
grid_36.0_3.0	1005400030	36.00	3.00
grid_36.0_4.0	1005400040	36.00	4.00
grid_36.0_5.0	1005400050	36.00	5.00
grid_36.0_6.0	1005400060	36.00	6.00
grid_36.0_7.0	1005400070	36.00	7.00
grid_36.0_8.0	1005400080	36.00	8.00
grid_36.0_9.0	1005400090	36.00	9.00
grid_36.0_10.0	1005400100	36.00	10.00
grid_36.0_11.0	1005400110	36.00	11.00
grid_36.0_14.0	1005400140	36.00	14.00
grid_36.0_24.0	1005400240	36.00	24.00
grid_36.0_29.0	1005400290	36.00	29.00
grid_36.0_34.0	1005400340	36.00	34.00
grid_36.0_36.0	1005400360	36.00	36.00
grid_36.0_37.0	1005400370	36.00	37.00
grid_36.0_118.0	1005401180	36.00	118.00
grid_36.0_119.0	1005401190	36.00	119.00
grid_36.0_120.0	1005401200	36.00	120.00
grid_36.0_127.0	1005401270	36.00	127.00
grid_36.0_128.0	1005401280	36.00	128.00
grid_36.0_129.0	1005401290	36.00	129.00
grid_36.0_134.0	1005401340	36.00	134.00
grid_36.0_136.0	1005401360	36.00	136.00
grid_36.0_137.0	1005401370	36.00	137.00
grid_36.0_138.0	1005401380	36.00	138.00
grid_36.0_139.0	1005401390	36.00	139.00
grid_36.0_140.0	1005401400	36.00	140.00
grid_36.0_141.0	1005401410	36.00	141.00
grid_36.0_354.0	1005403540	36.00	-6.00
grid_36.0_355.0	1005403550	36.00	-5.00
grid_36.0_359.0	1005403590	36.00	-1.00
grid_35.0_0.0	1005500000	35.00	0.00
grid_35.0_9.0	1005500090	35.00	9.00
grid_35.0_11.0	1005500110	35.00	11.00
grid_35.0_25.0	1005500250	35.00	25.00
grid_35.0_32.0	1005500320	35.00	32.00
grid_35.0_33.0	1005500330	35.00	33.00
grid_35.0_34.0	1005500340	35.00	34.00
grid_35.0_36.0	1005500360	35.00	36.00
grid_35.0_37.0	1005500370	35.00	37.00
grid_35.0_118.0	1005501180	35.00	118.00
grid_35.0_119.0	1005501190	35.00	119.00
grid_35.0_120.0	1005501200	35.00	120.00
grid_35.0_126.0	1005501260	35.00	126.00
grid_35.0_127.0	1005501270	35.00	127.00
grid_35.0_128.0	1005501280	35.00	128.00
grid_35.0_129.0	1005501290	35.00	129.00
grid_35.0_133.0	1005501330	35.00	133.00
grid_35.0_134.0	1005501340	35.00	134.00
grid_35.0_135.0	1005501350	35.00	135.00
grid_35.0_136.0	1005501360	35.00	136.00
grid_35.0_137.0	1005501370	35.00	137.00
grid_35.0_138.0	1005501380	35.00	138.00
grid_35.0_139.0	1005501390	35.00	139.00
grid_35.0_140.0	1005501400	35.00	140.00
grid_35.0_240.0	1005502400	35.00	-120.00
grid_35.0_242.0	1005502420	35.00	-118.00
grid_35.0_354.0	1005503540	35.00	-6.00
grid_35.0_355.0	1005503550	35.00	-5.00
grid_35.0_356.0	1005503560	35.00	-4.00
grid_35.0_357.0	1005503570	35.00	-3.00
grid_35.0_358.0	1005503580	35.00	-2.00
grid_35.0_359.0	1005503590	35.00	-1.00
grid_34.0_10.0	1005600100	34.00	10.00
grid_34.0_35.0	1005600350	34.00	35.00
grid_34.0_36.0	1005600360	34.00	36.00
grid_34.0_37.0	1005600370	34.00	37.00
grid_34.0_118.0	1005601180	34.00	118.00
grid_34.0_119.0	1005601190	34.00	119.00
grid_34.0_120.0	1005601200	34.00	120.00
grid_34.0_130.0	1005601300	34.00	130.00
grid_34.0_131.0	1005601310	34.00	131.00
grid_34.0_132.0	1005601320	34.00	132.00
grid_34.0_133.0	1005601330	34.00	133.00
grid_34.0_134.0	1005601340	34.00	134.00
grid_34.0_135.0	1005601350	34.00	135.00
grid_34.0_136.0	1005601360	34.00	136.00
grid_34.0_137.0	1005601370	34.00	137.00
grid_34.0_240.0	1005602400	34.00	-120.00
grid_34.0_241.0	1005602410	34.00	-119.00
grid_34.0_242.0	1005602420	34.00	-118.00
grid_34.0_243.0	1005602430	34.00	-117.00
grid_34.0_352.0	1005603520	34.00	-8.00
grid_34.0_353.0	1005603530	34.00	-7.00
grid_34.0_354.0	1005603540	34.00	-6.00
grid_34.0_357.0	1005603570	34.00	-3.00
grid_33.0_10.0	1005700100	33.00	10.00
grid_33.0_11.0	1005700110	33.00	11.00
grid_33.0_13.0	1005700130	33.00	13.00
grid_33.0_14.0	1005700140	33.00	14.00
grid_33.0_22.0	1005700220	33.00	22.00
grid_33.0_23.0	1005700230	33.00	23.00
grid_33.0_35.0	1005700350	33.00	35.00
grid_33.0_36.0	1005700360	33.00	36.00
grid_33.0_120.0	1005701200	33.00	120.00
grid_33.0_121.0	1005701210	33.00	121.00
grid_33.0_127.0	1005701270	33.00	127.00
grid_33.0_130.0	1005701300	33.00	130.00
grid_33.0_131.0	1005701310	33.00	131.00
grid_33.0_132.0	1005701320	33.00	132.00
grid_33.0_133.0	1005701330	33.00	133.00
grid_33.0_243.0	1005702430	33.00	-117.00
grid_33.0_245.0	1005702450	33.00	-115.00
grid_33.0_280.0	1005702800	33.00	-80.00
grid_33.0_343.0	1005703430	33.00	-17.00
grid_33.0_351.0	1005703510	33.00	-9.00
grid_33.0_352.0	1005703520	33.00	-8.00
grid_32.0_13.0	1005800130	32.00	13.00
grid_32.0_15.0	1005800150	32.00	15.00
grid_32.0_20.0	1005800200	32.00	20.00
grid_32.0_21.0	1005800210	32.00	21.00
grid_32.0_24.0	1005800240	32.00	24.00
grid_32.0_31.0	1005800310	32.00	31.00
grid_32.0_34.0	1005800340	32.00	34.00
grid_32.0_35.0	1005800350	32.00	35.00
grid_32.0_36.0	1005800360	32.00	36.00
grid_32.0_119.0	1005801190	32.00	119.00
grid_32.0_120.0	1005801200	32.00	120.00
grid_32.0_121.0	1005801210	32.00	121.00
grid_32.0_122.0	1005801220	32.00	122.00
grid_32.0_130.0	1005801300	32.00	130.00
grid_32.0_131.0	1005801310	32.00	131.00
grid_32.0_132.0	1005801320	32.00	132.00
grid_32.0_243.0	1005802430	32.00	-117.00
grid_32.0_245.0	1005802450	32.00	-115.00
grid_32.0_279.0	1005802790	32.00	-81.00
grid_32.0_350.0	1005803500	32.00	-10.00
grid_32.0_351.0	1005803510	32.00	-9.00
grid_31.0_17.0	1005900170	31.00	17.00
grid_31.0_20.0	1005900200	31.00	20.00
grid_31.0_27.0	1005900270	31.00	27.00
grid_31.0_30.0	1005900300	31.00	30.00
grid_31.0_31.0	1005900310	31.00	31.00
grid_31.0_32.0	1005900320	31.00	32.00
grid_31.0_34.0	1005900340	31.00	34.00
grid_31.0_35.0	1005900350	31.00	35.00
grid_31.0_48.0	1005900480	31.00	48.00
grid_31.0_49.0	1005900490	31.00	49.00
grid_31.0_50.0	1005900500	31.00	50.00
grid_31.0_51.0	1005900510	31.00	51.00
grid_31.0_119.0	1005901190	31.00	119.00
grid_31.0_120.0	1005901200	31.00	120.00
grid_31.0_121.0	1005901210	31.00	121.00
grid_31.0_122.0	1005901220	31.00	122.00
grid_31.0_131.0	1005901310	31.00	131.00
grid_31.0_246.0	1005902460	31.00	-114.00
grid_31.0_248.0	1005902480	31.00	-112.00
grid_31.0_350.0	1005903500	31.00	-10.00
grid_30.0_30.0	1006000300	30.00	30.00
grid_30.0_31.0	1006000310	30.00	31.00
grid_30.0_32.0	1006000320	30.00	32.00
grid_30.0_33.0	1006000330	30.00	33.00
grid_30.0_35.0	1006000350	30.00	35.00
grid_30.0_48.0	1006000480	30.00	48.00
grid_30.0_49.0	1006000490	30.00	49.00
grid_30.0_51.0	1006000510	30.00	51.00
grid_30.0_52.0	1006000520	30.00	52.00
grid_30.0_119.0	1006001190	30.00	119.00
grid_30.0_120.0	1006001200	30.00	120.00
grid_30.0_121.0	1006001210	30.00	121.00
grid_30.0_122.0	1006001220	30.00	122.00
grid_30.0_264.0	1006002640	30.00	-96.00
grid_30.0_265.0	1006002650	30.00	-95.00
grid_30.0_268.0	1006002680	30.00	-92.00
grid_30.0_269.0	1006002690	30.00	-91.00
grid_30.0_270.0	1006002700	30.00	-90.00
grid_30.0_276.0	1006002760	30.00	-84.00
grid_30.0_278.0	1006002780	30.00	-82.00
grid_30.0_279.0	1006002790	30.00	-81.00
grid_30.0_350.0	1006003500	30.00	-10.00
grid_30.0_351.0	1006003510	30.00	-9.00
grid_29.0_48.0	1006100480	29.00	48.00
grid_29.0_51.0	1006100510	29.00	51.00
grid_29.0_120.0	1006101200	29.00	120.00
grid_29.0_121.0	1006101210	29.00	121.00
grid_29.0_122.0	1006101220	29.00	122.00
grid_29.0_249.0	1006102490	29.00	-111.00
grid_29.0_265.0	1006102650	29.00	-95.00
grid_29.0_279.0	1006102790	29.00	-81.00
grid_29.0_350.0	1006103500	29.00	-10.00
grid_28.0_48.0	1006200480	28.00	48.00
grid_28.0_53.0	1006200530	28.00	53.00
grid_28.0_54.0	1006200540	28.00	54.00
grid_28.0_119.0	1006201190	28.00	119.00
grid_28.0_120.0	1006201200	28.00	120.00
grid_28.0_121.0	1006201210	28.00	121.00
grid_28.0_122.0	1006201220	28.00	122.00
grid_28.0_249.0	1006202490	28.00	-111.00
grid_28.0_250.0	1006202500	28.00	-110.00
grid_28.0_263.0	1006202630	28.00	-97.00
grid_28.0_277.0	1006202770	28.00	-83.00
grid_28.0_278.0	1006202780	28.00	-82.00
grid_28.0_279.0	1006202790	28.00	-81.00
grid_28.0_343.0	1006203430	28.00	-17.00
grid_28.0_344.0	1006203440	28.00	-16.00
grid_28.0_345.0	1006203450	28.00	-15.00
grid_28.0_349.0	1006203490	28.00	-11.00
grid_27.0_34.0	1006300340	27.00	34.00
grid_27.0_50.0	1006300500	27.00	50.00
grid_27.0_56.0	1006300560	27.00	56.00
grid_27.0_57.0	1006300570	27.00	57.00
grid_27.0_119.0	1006301190	27.00	119.00
grid_27.0_120.0	1006301200	27.00	120.00
grid_27.0_121.0	1006301210	27.00	121.00
grid_27.0_250.0	1006302500	27.00	-110.00
grid_27.0_251.0	1006302510	27.00	-109.00
grid_27.0_277.0	1006302770	27.00	-83.00
grid_27.0_278.0	1006302780	27.00	-82.00
grid_27.0_280.0	1006302800	27.00	-80.00
grid_27.0_347.0	1006303470	27.00	-13.00
grid_26.0_34.0	1006400340	26.00	34.00
grid_26.0_50.0	1006400500	26.00	50.00
grid_26.0_51.0	1006400510	26.00	51.00
grid_26.0_52.0	1006400520	26.00	52.00
grid_26.0_56.0	1006400560	26.00	56.00
grid_26.0_58.0	1006400580	26.00	58.00
grid_26.0_63.0	1006400630	26.00	63.00
grid_26.0_66.0	1006400660	26.00	66.00
grid_26.0_67.0	1006400670	26.00	67.00
grid_26.0_119.0	1006401190	26.00	119.00
grid_26.0_120.0	1006401200	26.00	120.00
grid_26.0_128.0	1006401280	26.00	128.00
grid_26.0_249.0	1006402490	26.00	-111.00
grid_26.0_251.0	1006402510	26.00	-109.00
grid_26.0_252.0	1006402520	26.00	-108.00
grid_26.0_262.0	1006402620	26.00	-98.00
grid_26.0_263.0	1006402630	26.00	-97.00
grid_26.0_278.0	1006402780	26.00	-82.00
grid_26.0_280.0	1006402800	26.00	-80.00
grid_26.0_346.0	1006403460	26.00	-14.00
grid_25.0_50.0	1006500500	25.00	50.00
grid_25.0_51.0	1006500510	25.00	51.00
grid_25.0_52.0	1006500520	25.00	52.00
grid_25.0_55.0	1006500550	25.00	55.00
grid_25.0_56.0	1006500560	25.00	56.00
grid_25.0_61.0	1006500610	25.00	61.00
grid_25.0_62.0	1006500620	25.00	62.00
grid_25.0_67.0	1006500670	25.00	67.00
grid_25.0_68.0	1006500680	25.00	68.00
grid_25.0_69.0	1006500690	25.00	69.00
grid_25.0_117.0	1006501170	25.00	117.00
grid_25.0_118.0	1006501180	25.00	118.00
grid_25.0_119.0	1006501190	25.00	119.00
grid_25.0_121.0	1006501210	25.00	121.00
grid_25.0_122.0	1006501220	25.00	122.00
grid_25.0_248.0	1006502480	25.00	-112.00
grid_25.0_252.0	1006502520	25.00	-108.00
grid_25.0_253.0	1006502530	25.00	-107.00
grid_25.0_280.0	1006502800	25.00	-80.00
grid_25.0_283.0	1006502830	25.00	-77.00
grid_24.0_38.0	1006600380	24.00	38.00
grid_24.0_53.0	1006600530	24.00	53.00
grid_24.0_54.0	1006600540	24.00	54.00
grid_24.0_55.0	1006600550	24.00	55.00
grid_24.0_56.0	1006600560	24.00	56.00
grid_24.0_57.0	1006600570	24.00	57.00
grid_24.0_58.0	1006600580	24.00	58.00
grid_24.0_68.0	1006600680	24.00	68.00
grid_24.0_71.0	1006600710	24.00	71.00
grid_24.0_91.0	1006600910	24.00	91.00
grid_24.0_113.0	1006601130	24.00	113.00
grid_24.0_114.0	1006601140	24.00	114.00
grid_24.0_115.0	1006601150	24.00	115.00
grid_24.0_116.0	1006601160	24.00	116.00
grid_24.0_117.0	1006601170	24.00	117.00
grid_24.0_118.0	1006601180	24.00	118.00
grid_24.0_120.0	1006601200	24.00	120.00
grid_24.0_121.0	1006601210	24.00	121.00
grid_24.0_122.0	1006601220	24.00	122.00
grid_24.0_250.0	1006602500	24.00	-110.00
grid_24.0_344.0	1006603440	24.00	-16.00
grid_23.0_57.0	1006700570	23.00	57.00
grid_23.0_58.0	1006700580	23.00	58.00
grid_23.0_59.0	1006700590	23.00	59.00
grid_23.0_69.0	1006700690	23.00	69.00
grid_23.0_70.0	1006700700	23.00	70.00
grid_23.0_71.0	1006700710	23.00	71.00
grid_23.0_72.0	1006700720	23.00	72.00
grid_23.0_73.0	1006700730	23.00	73.00
grid_23.0_74.0	1006700740	23.00	74.00
grid_23.0_87.0	1006700870	23.00	87.00
grid_23.0_88.0	1006700880	23.00	88.00
grid_23.0_89.0	1006700890	23.00	89.00
grid_23.0_90.0	1006700900	23.00	90.00
grid_23.0_91.0	1006700910	23.00	91.00
grid_23.0_92.0	1006700920	23.00	92.00
grid_23.0_108.0	1006701080	23.00	108.00
grid_23.0_112.0	1006701120	23.00	112.00
grid_23.0_113.0	1006701130	23.00	113.00
grid_23.0_114.0	1006701140	23.00	114.00
grid_23.0_115.0	1006701150	23.00	115.00
grid_23.0_116.0	1006701160	23.00	116.00
grid_23.0_117.0	1006701170	23.00	117.00
grid_23.0_120.0	1006701200	23.00	120.00
grid_23.0_121.0	1006701210	23.00	121.00
grid_23.0_250.0	1006702500	23.00	-110.00
grid_23.0_254.0	1006702540	23.00	-106.00
grid_23.0_277.0	1006702770	23.00	-83.00
grid_23.0_278.0	1006702780	23.00	-82.00
grid_23.0_279.0	1006702790	23.00	-81.00
grid_22.0_39.0	1006800390	22.00	39.00
grid_22.0_69.0	1006800690	22.00	69.00
grid_22.0_70.0	1006800700	22.00	70.00
grid_22.0_71.0	1006800710	22.00	71.00
grid_22.0_72.0	1006800720	22.00	72.00
grid_22.0_73.0	1006800730	22.00	73.00
grid_22.0_74.0	1006800740	22.00	74.00
grid_22.0_87.0	1006800870	22.00	87.00
grid_22.0_88.0	1006800880	22.00	88.00
grid_22.0_89.0	1006800890	22.00	89.00
grid_22.0_90.0	1006800900	22.00	90.00
grid_22.0_91.0	1006800910	22.00	91.00
grid_22.0_92.0	1006800920	22.00	92.00
grid_22.0_106.0	1006801060	22.00	106.00
grid_22.0_107.0	1006801070	22.00	107.00
grid_22.0_108.0	1006801080	22.00	108.00
grid_22.0_109.0	1006801090	22.00	109.00
grid_22.0_110.0	1006801100	22.00	110.00
grid_22.0_111.0	1006801110	22.00	111.00
grid_22.0_112.0	1006801120	22.00	112.00
grid_22.0_113.0	1006801130	22.00	113.00
grid_22.0_114.0	1006801140	22.00	114.00
grid_22.0_120.0	1006801200	22.00	120.00
grid_22.0_255.0	1006802550	22.00	-105.00
grid_22.0_262.0	1006802620	22.00	-98.00
grid_22.0_276.0	1006802760	22.00	-84.00
grid_22.0_277.0	1006802770	22.00	-83.00
grid_22.0_280.0	1006802800	22.00	-80.00
grid_22.0_281.0	1006802810	22.00	-79.00
grid_22.0_283.0	1006802830	22.00	-77.00
grid_21.0_36.0	1006900360	21.00	36.00
grid_21.0_39.0	1006900390	21.00	39.00
grid_21.0_40.0	1006900400	21.00	40.00
grid_21.0_70.0	1006900700	21.00	70.00
grid_21.0_71.0	1006900710	21.00	71.00
grid_21.0_72.0	1006900720	21.00	72.00
grid_21.0_73.0	1006900730	21.00	73.00
grid_21.0_74.0	1006900740	21.00	74.00
grid_21.0_86.0	1006900860	21.00	86.00
grid_21.0_87.0	1006900870	21.00	87.00
grid_21.0_92.0	1006900920	21.00	92.00
grid_21.0_93.0	1006900930	21.00	93.00
grid_21.0_106.0	1006901060	21.00	106.00
grid_21.0_107.0	1006901070	21.00	107.00
grid_21.0_109.0	1006901090	21.00	109.00
grid_21.0_110.0	1006901100	21.00	110.00
grid_21.0_111.0	1006901110	21.00	111.00
grid_21.0_202.0	1006902020	21.00	-158.00
grid_21.0_255.0	1006902550	21.00	-105.00
grid_21.0_262.0	1006902620	21.00	-98.00
grid_21.0_263.0	1006902630	21.00	-97.00
grid_21.0_270.0	1006902700	21.00	-90.00
grid_21.0_272.0	1006902720	21.00	-88.00
grid_21.0_273.0	1006902730	21.00	-87.00
grid_21.0_282.0	1006902820	21.00	-78.00
grid_21.0_283.0	1006902830	21.00	-77.00
grid_21.0_284.0	1006902840	21.00	-76.00
grid_21.0_285.0	1006902850	21.00	-75.00
grid_21.0_343.0	1006903430	21.00	-17.00
grid_20.0_37.0	1007000370	20.00	37.00
grid_20.0_41.0	1007000410	20.00	41.00
grid_20.0_73.0	1007000730	20.00	73.00
grid_20.0_85.0	1007000850	20.00	85.00
grid_20.0_86.0	1007000860	20.00	86.00
grid_20.0_87.0	1007000870	20.00	87.00
grid_20.0_93.0	1007000930	20.00	93.00
grid_20.0_94.0	1007000940	20.00	94.00
grid_20.0_106.0	1007001060	20.00	106.00
grid_20.0_110.0	1007001100	20.00	110.00
grid_20.0_111.0	1007001110	20.00	111.00
grid_20.0_256.0	1007002560	20.00	-104.00
grid_20.0_262.0	1007002620	20.00	-98.00
grid_20.0_263.0	1007002630	20.00	-97.00
grid_20.0_269.0	1007002690	20.00	-91.00
grid_20.0_273.0	1007002730	20.00	-87.00
grid_20.0_283.0	1007002830	20.00	-77.00
grid_20.0_284.0	1007002840	20.00	-76.00
grid_20.0_285.0	1007002850	20.00	-75.00
grid_20.0_286.0	1007002860	20.00	-74.00
grid_20.0_287.0	1007002870	20.00	-73.00
grid_20.0_288.0	1007002880	20.00	-72.00
grid_20.0_289.0	1007002890	20.00	-71.00
grid_19.0_37.0	1007100370	19.00	37.00
grid_19.0_73.0	1007100730	19.00	73.00
grid_19.0_74.0	1007100740	19.00	74.00
grid_19.0_83.0	1007100830	19.00	83.00
grid_19.0_84.0	1007100840	19.00	84.00
grid_19.0_85.0	1007100850	19.00	85.00
grid_19.0_94.0	1007100940	19.00	94.00
grid_19.0_105.0	1007101050	19.00	105.00
grid_19.0_106.0	1007101060	19.00	106.00
grid_19.0_109.0	1007101090	19.00	109.00
grid_19.0_110.0	1007101100	19.00	110.00
grid_19.0_256.0	1007102560	19.00	-104.00
grid_19.0_263.0	1007102630	19.00	-97.00
grid_19.0_264.0	1007102640	19.00	-96.00
grid_19.0_268.0	1007102680	19.00	-92.00
grid_19.0_272.0	1007102720	19.00	-88.00
grid_19.0_286.0	1007102860	19.00	-74.00
grid_19.0_287.0	1007102870	19.00	-73.00
grid_19.0_288.0	1007102880	19.00	-72.00
grid_19.0_289.0	1007102890	19.00	-71.00
grid_19.0_290.0	1007102900	19.00	-70.00
grid_19.0_291.0	1007102910	19.00	-69.00
grid_18.0_38.0	1007200380	18.00	38.00
grid_18.0_43.0	1007200430	18.00	43.00
grid_18.0_73.0	1007200730	18.00	73.00
grid_18.0_74.0	1007200740	18.00	74.00
grid_18.0_83.0	1007200830	18.00	83.00
grid_18.0_84.0	1007200840	18.00	84.00
grid_18.0_94.0	1007200940	18.00	94.00
grid_18.0_95.0	1007200950	18.00	95.00
grid_18.0_96.0	1007200960	18.00	96.00
grid_18.0_97.0	1007200970	18.00	97.00
grid_18.0_106.0	1007201060	18.00	106.00
grid_18.0_109.0	1007201090	18.00	109.00
grid_18.0_110.0	1007201100	18.00	110.00
grid_18.0_120.0	1007201200	18.00	120.00
grid_18.0_121.0	1007201210	18.00	121.00
grid_18.0_122.0	1007201220	18.00	122.00
grid_18.0_258.0	1007202580	18.00	-102.00
grid_18.0_260.0	1007202600	18.00	-100.00
grid_18.0_264.0	1007202640	18.00	-96.00
grid_18.0_265.0	1007202650	18.00	-95.00
grid_18.0_266.0	1007202660	18.00	-94.00
grid_18.0_267.0	1007202670	18.00	-93.00
grid_18.0_272.0	1007202720	18.00	-88.00
grid_18.0_282.0	1007202820	18.00	-78.00
grid_18.0_283.0	1007202830	18.00	-77.00
grid_18.0_286.0	1007202860	18.00	-74.00
grid_18.0_287.0	1007202870	18.00	-73.00
grid_18.0_288.0	1007202880	18.00	-72.00
grid_18.0_289.0	1007202890	18.00	-71.00
grid_18.0_290.0	1007202900	18.00	-70.00
grid_18.0_291.0	1007202910	18.00	-69.00
grid_18.0_293.0	1007202930	18.00	-67.00
grid_18.0_294.0	1007202940	18.00	-66.00
grid_18.0_344.0	1007203440	18.00	-16.00
grid_17.0_43.0	1007300430	17.00	43.00
grid_17.0_54.0	1007300540	17.00	54.00
grid_17.0_73.0	1007300730	17.00	73.00
grid_17.0_74.0	1007300740	17.00	74.00
grid_17.0_81.0	1007300810	17.00	81.00
grid_17.0_82.0	1007300820	17.00	82.00
grid_17.0_83.0	1007300830	17.00	83.00
grid_17.0_95.0	1007300950	17.00	95.00
grid_17.0_96.0	1007300960	17.00	96.00
grid_17.0_97.0	1007300970	17.00	97.00
grid_17.0_98.0	1007300980	17.00	98.00
grid_17.0_99.0	1007300990	17.00	99.00
grid_17.0_107.0	1007301070	17.00	107.00
grid_17.0_120.0	1007301200	17.00	120.00
grid_17.0_122.0	1007301220	17.00	122.00
grid_17.0_260.0	1007302600	17.00	-100.00
grid_17.0_266.0	1007302660	17.00	-94.00
grid_17.0_335.0	1007303350	17.00	-25.00
grid_17.0_344.0	1007303440	17.00	-16.00
grid_16.0_38.0	1007400380	16.00	38.00
grid_16.0_39.0	1007400390	16.00	39.00
grid_16.0_43.0	1007400430	16.00	43.00
grid_16.0_44.0	1007400440	16.00	44.00
grid_16.0_52.0	1007400520	16.00	52.00
grid_16.0_74.0	1007400740	16.00	74.00
grid_16.0_75.0	1007400750	16.00	75.00
grid_16.0_80.0	1007400800	16.00	80.00
grid_16.0_81.0	1007400810	16.00	81.00
grid_16.0_82.0	1007400820	16.00	82.00
grid_16.0_95.0	1007400950	16.00	95.00
grid_16.0_96.0	1007400960	16.00	96.00
grid_16.0_98.0	1007400980	16.00	98.00
grid_16.0_108.0	1007401080	16.00	108.00
grid_16.0_120.0	1007401200	16.00	120.00
grid_16.0_121.0	1007401210	16.00	121.00
grid_16.0_263.0	1007402630	16.00	-97.00
grid_16.0_265.0	1007402650	16.00	-95.00
grid_16.0_266.0	1007402660	16.00	-94.00
grid_16.0_267.0	1007402670	16.00	-93.00
grid_16.0_270.0	1007402700	16.00	-90.00
grid_16.0_271.0	1007402710	16.00	-89.00
grid_16.0_272.0	1007402720	16.00	-88.00
grid_16.0_273.0	1007402730	16.00	-87.00
grid_16.0_274.0	1007402740	16.00	-86.00
grid_16.0_298.0	1007402980	16.00	-62.00
grid_16.0_344.0	1007403440	16.00	-16.00
grid_15.0_39.0	1007500390	15.00	39.00
grid_15.0_43.0	1007500430	15.00	43.00
grid_15.0_44.0	1007500440	15.00	44.00
grid_15.0_49.0	1007500490	15.00	49.00
grid_15.0_50.0	1007500500	15.00	50.00
grid_15.0_74.0	1007500740	15.00	74.00
grid_15.0_75.0	1007500750	15.00	75.00
grid_15.0_80.0	1007500800	15.00	80.00
grid_15.0_98.0	1007500980	15.00	98.00
grid_15.0_109.0	1007501090	15.00	109.00
grid_15.0_120.0	1007501200	15.00	120.00
grid_15.0_121.0	1007501210	15.00	121.00
grid_15.0_268.0	1007502680	15.00	-92.00
grid_15.0_269.0	1007502690	15.00	-91.00
grid_15.0_270.0	1007502700	15.00	-90.00
grid_15.0_271.0	1007502710	15.00	-89.00
grid_15.0_272.0	1007502720	15.00	-88.00
grid_15.0_276.0	1007502760	15.00	-84.00
grid_15.0_299.0	1007502990	15.00	-61.00
grid_15.0_336.0	1007503360	15.00	-24.00
grid_15.0_343.0	1007503430	15.00	-17.00
grid_15.0_344.0	1007503440	15.00	-16.00
grid_14.0_39.0	1007600390	14.00	39.00
grid_14.0_40.0	1007600400	14.00	40.00
grid_14.0_43.0	1007600430	14.00	43.00
grid_14.0_44.0	1007600440	14.00	44.00
grid_14.0_45.0	1007600450	14.00	45.00
grid_14.0_46.0	1007600460	14.00	46.00
grid_14.0_47.0	1007600470	14.00	47.00
grid_14.0_49.0	1007600490	14.00	49.00
grid_14.0_74.0	1007600740	14.00	74.00
grid_14.0_75.0	1007600750	14.00	75.00
grid_14.0_76.0	1007600760	14.00	76.00
grid_14.0_79.0	1007600790	14.00	79.00
grid_14.0_80.0	1007600800	14.00	80.00
grid_14.0_98.0	1007600980	14.00	98.00
grid_14.0_100.0	1007601000	14.00	100.00
grid_14.0_101.0	1007601010	14.00	101.00
grid_14.0_109.0	1007601090	14.00	109.00
grid_14.0_120.0	1007601200	14.00	120.00
grid_14.0_121.0	1007601210	14.00	121.00
grid_14.0_122.0	1007601220	14.00	122.00
grid_14.0_123.0	1007601230	14.00	123.00
grid_14.0_124.0	1007601240	14.00	124.00
grid_14.0_269.0	1007602690	14.00	-91.00
grid_14.0_270.0	1007602700	14.00	-90.00
grid_14.0_271.0	1007602710	14.00	-89.00
grid_14.0_273.0	1007602730	14.00	-87.00
grid_14.0_277.0	1007602770	14.00	-83.00
grid_14.0_343.0	1007603430	14.00	-17.00
grid_14.0_344.0	1007603440	14.00	-16.00
grid_14.0_345.0	1007603450	14.00	-15.00
grid_13.0_43.0	1007700430	13.00	43.00
grid_13.0_44.0	1007700440	13.00	44.00
grid_13.0_45.0	1007700450	13.00	45.00
grid_13.0_54.0	1007700540	13.00	54.00
grid_13.0_75.0	1007700750	13.00	75.00
grid_13.0_79.0	1007700790	13.00	79.00
grid_13.0_80.0	1007700800	13.00	80.00
grid_13.0_99.0	1007700990	13.00	99.00
grid_13.0_100.0	1007701000	13.00	100.00
grid_13.0_101.0	1007701010	13.00	101.00
grid_13.0_102.0	1007701020	13.00	102.00
grid_13.0_103.0	1007701030	13.00	103.00
grid_13.0_108.0	1007701080	13.00	108.00
grid_13.0_109.0	1007701090	13.00	109.00
grid_13.0_121.0	1007701210	13.00	121.00
grid_13.0_123.0	1007701230	13.00	123.00
grid_13.0_124.0	1007701240	13.00	124.00
grid_13.0_125.0	1007701250	13.00	125.00
grid_13.0_272.0	1007702720	13.00	-88.00
grid_13.0_273.0	1007702730	13.00	-87.00
grid_13.0_274.0	1007702740	13.00	-86.00
grid_13.0_278.0	1007702780	13.00	-82.00
grid_13.0_300.0	1007703000	13.00	-60.00
grid_13.0_343.0	1007703430	13.00	-17.00
grid_13.0_344.0	1007703440	13.00	-16.00
grid_13.0_345.0	1007703450	13.00	-15.00
grid_12.0_43.0	1007800430	12.00	43.00
grid_12.0_75.0	1007800750	12.00	75.00
grid_12.0_76.0	1007800760	12.00	76.00
grid_12.0_79.0	1007800790	12.00	79.00
grid_12.0_80.0	1007800800	12.00	80.00
grid_12.0_93.0	1007800930	12.00	93.00
grid_12.0_99.0	1007800990	12.00	99.00
grid_12.0_108.0	1007801080	12.00	108.00
grid_12.0_109.0	1007801090	12.00	109.00
grid_12.0_121.0	1007801210	12.00	121.00
grid_12.0_122.0	1007801220	12.00	122.00
grid_12.0_123.0	1007801230	12.00	123.00
grid_12.0_124.0	1007801240	12.00	124.00
grid_12.0_125.0	1007801250	12.00	125.00
grid_12.0_273.0	1007802730	12.00	-87.00
grid_12.0_274.0	1007802740	12.00	-86.00
grid_12.0_276.0	1007802760	12.00	-84.00
grid_12.0_287.0	1007802870	12.00	-73.00
grid_12.0_288.0	1007802880	12.00	-72.00
grid_12.0_290.0	1007802900	12.00	-70.00
grid_12.0_291.0	1007802910	12.00	-69.00
grid_12.0_344.0	1007803440	12.00	-16.00
grid_12.0_345.0	1007803450	12.00	-15.00
grid_12.0_346.0	1007803460	12.00	-14.00
grid_11.0_42.0	1007900420	11.00	42.00
grid_11.0_43.0	1007900430	11.00	43.00
grid_11.0_44.0	1007900440	11.00	44.00
grid_11.0_47.0	1007900470	11.00	47.00
grid_11.0_48.0	1007900480	11.00	48.00
grid_11.0_49.0	1007900490	11.00	49.00
grid_11.0_76.0	1007900760	11.00	76.00
grid_11.0_77.0	1007900770	11.00	77.00
grid_11.0_79.0	1007900790	11.00	79.00
grid_11.0_80.0	1007900800	11.00	80.00
grid_11.0_104.0	1007901040	11.00	104.00
grid_11.0_105.0	1007901050	11.00	105.00
grid_11.0_106.0	1007901060	11.00	106.00
grid_11.0_107.0	1007901070	11.00	107.00
grid_11.0_108.0	1007901080	11.00	108.00
grid_11.0_109.0	1007901090	11.00	109.00
grid_11.0_122.0	1007901220	11.00	122.00
grid_11.0_123.0	1007901230	11.00	123.00
grid_11.0_124.0	1007901240	11.00	124.00
grid_11.0_125.0	1007901250	11.00	125.00
grid_11.0_275.0	1007902750	11.00	-85.00
grid_11.0_285.0	1007902850	11.00	-75.00
grid_11.0_286.0	1007902860	11.00	-74.00
grid_11.0_288.0	1007902880	11.00	-72.00
grid_11.0_290.0	1007902900	11.00	-70.00
grid_11.0_293.0	1007902930	11.00	-67.00
grid_11.0_296.0	1007902960	11.00	-64.00
grid_11.0_297.0	1007902970	11.00	-63.00
grid_11.0_299.0	1007902990	11.00	-61.00
grid_11.0_345.0	1007903450	11.00	-15.00
grid_11.0_346.0	1007903460	11.00	-14.00
grid_10.0_44.0	1008000440	10.00	44.00
grid_10.0_45.0	1008000450	10.00	45.00
grid_10.0_76.0	1008000760	10.00	76.00
grid_10.0_77.0	1008000770	10.00	77.00
grid_10.0_78.0	1008000780	10.00	78.00
grid_10.0_79.0	1008000790	10.00	79.00
grid_10.0_80.0	1008000800	10.00	80.00
grid_10.0_99.0	1008000990	10.00	99.00
grid_10.0_105.0	1008001050	10.00	105.00
grid_10.0_106.0	1008001060	10.00	106.00
grid_10.0_107.0	1008001070	10.00	107.00
grid_10.0_119.0	1008001190	10.00	119.00
grid_10.0_123.0	1008001230	10.00	123.00
grid_10.0_124.0	1008001240	10.00	124.00
grid_10.0_125.0	1008001250	10.00	125.00
grid_10.0_275.0	1008002750	10.00	-85.00
grid_10.0_276.0	1008002760	10.00	-84.00
grid_10.0_277.0	1008002770	10.00	-83.00
grid_10.0_284.0	1008002840	10.00	-76.00
grid_10.0_285.0	1008002850	10.00	-75.00
grid_10.0_287.0	1008002870	10.00	-73.00
grid_10.0_288.0	1008002880	10.00	-72.00
grid_10.0_289.0	1008002890	10.00	-71.00
grid_10.0_291.0	1008002910	10.00	-69.00
grid_10.0_292.0	1008002920	10.00	-68.00
grid_10.0_293.0	1008002930	10.00	-67.00
grid_10.0_294.0	1008002940	10.00	-66.00
grid_10.0_295.0	1008002950	10.00	-65.00
grid_10.0_296.0	1008002960	10.00	-64.00
grid_10.0_297.0	1008002970	10.00	-63.00
grid_10.0_299.0	1008002990	10.00	-61.00
grid_10.0_346.0	1008003460	10.00	-14.00
grid_10.0_347.0	1008003470	10.00	-13.00
grid_9.0_76.0	1008100760	9.00	76.00
grid_9.0_77.0	1008100770	9.00	77.00
grid_9.0_78.0	1008100780	9.00	78.00
grid_9.0_79.0	1008100790	9.00	79.00
grid_9.0_80.0	1008100800	9.00	80.00
grid_9.0_81.0	1008100810	9.00	81.00
grid_9.0_99.0	1008100990	9.00	99.00
grid_9.0_105.0	1008101050	9.00	105.00
grid_9.0_106.0	1008101060	9.00	106.00
grid_9.0_123.0	1008101230	9.00	123.00
grid_9.0_125.0	1008101250	9.00	125.00
grid_9.0_126.0	1008101260	9.00	126.00
grid_9.0_276.0	1008102760	9.00	-84.00
grid_9.0_277.0	1008102770	9.00	-83.00
grid_9.0_280.0	1008102800	9.00	-80.00
grid_9.0_281.0	1008102810	9.00	-79.00
grid_9.0_284.0	1008102840	9.00	-76.00
grid_9.0_285.0	1008102850	9.00	-75.00
grid_9.0_288.0	1008102880	9.00	-72.00
grid_9.0_289.0	1008102890	9.00	-71.00
grid_9.0_290.0	1008102900	9.00	-70.00
grid_9.0_295.0	1008102950	9.00	-65.00
grid_9.0_296.0	1008102960	9.00	-64.00
grid_9.0_298.0	1008102980	9.00	-62.00
grid_9.0_347.0	1008103470	9.00	-13.00
grid_9.0_348.0	1008103480	9.00	-12.00
grid_8.0_77.0	1008200770	8.00	77.00
grid_8.0_80.0	1008200800	8.00	80.00
grid_8.0_81.0	1008200810	8.00	81.00
grid_8.0_82.0	1008200820	8.00	82.00
grid_8.0_98.0	1008200980	8.00	98.00
grid_8.0_100.0	1008201000	8.00	100.00
grid_8.0_123.0	1008201230	8.00	123.00
grid_8.0_124.0	1008201240	8.00	124.00
grid_8.0_125.0	1008201250	8.00	125.00
grid_8.0_126.0	1008201260	8.00	126.00
grid_8.0_278.0	1008202780	8.00	-82.00
grid_8.0_283.0	1008202830	8.00	-77.00
grid_8.0_284.0	1008202840	8.00	-76.00
grid_8.0_347.0	1008203470	8.00	-13.00
grid_8.0_348.0	1008203480	8.00	-12.00
grid_7.0_0.0	1008300000	7.00	0.00
grid_7.0_1.0	1008300010	7.00	1.00
grid_7.0_2.0	1008300020	7.00	2.00
grid_7.0_3.0	1008300030	7.00	3.00
grid_7.0_4.0	1008300040	7.00	4.00
grid_7.0_5.0	1008300050	7.00	5.00
grid_7.0_49.0	1008300490	7.00	49.00
grid_7.0_80.0	1008300800	7.00	80.00
grid_7.0_81.0	1008300810	7.00	81.00
grid_7.0_82.0	1008300820	7.00	82.00
grid_7.0_100.0	1008301000	7.00	100.00
grid_7.0_101.0	1008301010	7.00	101.00
grid_7.0_117.0	1008301170	7.00	117.00
grid_7.0_122.0	1008301220	7.00	122.00
grid_7.0_124.0	1008301240	7.00	124.00
grid_7.0_125.0	1008301250	7.00	125.00
grid_7.0_126.0	1008301260	7.00	126.00
grid_7.0_302.0	1008303020	7.00	-58.00
grid_7.0_348.0	1008303480	7.00	-12.00
grid_7.0_350.0	1008303500	7.00	-10.00
grid_6.0_0.0	1008400000	6.00	0.00
grid_6.0_1.0	1008400010	6.00	1.00
grid_6.0_2.0	1008400020	6.00	2.00
grid_6.0_3.0	1008400030	6.00	3.00
grid_6.0_4.0	1008400040	6.00	4.00
grid_6.0_5.0	1008400050	6.00	5.00
grid_6.0_6.0	1008400060	6.00	6.00
grid_6.0_7.0	1008400070	6.00	7.00
grid_6.0_8.0	1008400080	6.00	8.00
grid_6.0_80.0	1008400800	6.00	80.00
grid_6.0_95.0	1008400950	6.00	95.00
grid_6.0_100.0	1008401000	6.00	100.00
grid_6.0_101.0	1008401010	6.00	101.00
grid_6.0_102.0	1008401020	6.00	102.00
grid_6.0_116.0	1008401160	6.00	116.00
grid_6.0_118.0	1008401180	6.00	118.00
grid_6.0_121.0	1008401210	6.00	121.00
grid_6.0_125.0	1008401250	6.00	125.00
grid_6.0_283.0	1008402830	6.00	-77.00
grid_6.0_305.0	1008403050	6.00	-55.00
grid_6.0_349.0	1008403490	6.00	-11.00
grid_6.0_350.0	1008403500	6.00	-10.00
grid_6.0_353.0	1008403530	6.00	-7.00
grid_6.0_354.0	1008403540	6.00	-6.00
grid_6.0_355.0	1008403550	6.00	-5.00
grid_6.0_356.0	1008403560	6.00	-4.00
grid_6.0_358.0	1008403580	6.00	-2.00
grid_6.0_359.0	1008403590	6.00	-1.00
grid_5.0_5.0	1008500050	5.00	5.00
grid_5.0_6.0	1008500060	5.00	6.00
grid_5.0_7.0	1008500070	5.00	7.00
grid_5.0_8.0	1008500080	5.00	8.00
grid_5.0_9.0	1008500090	5.00	9.00
grid_5.0_10.0	1008500100	5.00	10.00
grid_5.0_47.0	1008500470	5.00	47.00
grid_5.0_48.0	1008500480	5.00	48.00
grid_5.0_96.0	1008500960	5.00	96.00
grid_5.0_97.0	1008500970	5.00	97.00
grid_5.0_98.0	1008500980	5.00	98.00
grid_5.0_100.0	1008501000	5.00	100.00
grid_5.0_101.0	1008501010	5.00	101.00
grid_5.0_103.0	1008501030	5.00	103.00
grid_5.0_115.0	1008501150	5.00	115.00
grid_5.0_116.0	1008501160	5.00	116.00
grid_5.0_118.0	1008501180	5.00	118.00
grid_5.0_120.0	1008501200	5.00	120.00
grid_5.0_306.0	1008503060	5.00	-54.00
grid_5.0_308.0	1008503080	5.00	-52.00
grid_5.0_352.0	1008503520	5.00	-8.00
grid_5.0_353.0	1008503530	5.00	-7.00
grid_5.0_354.0	1008503540	5.00	-6.00
grid_5.0_355.0	1008503550	5.00	-5.00
grid_5.0_356.0	1008503560	5.00	-4.00
grid_5.0_357.0	1008503570	5.00	-3.00
grid_5.0_358.0	1008503580	5.00	-2.00
grid_5.0_359.0	1008503590	5.00	-1.00
grid_4.0_6.0	1008600060	4.00	6.00
grid_4.0_7.0	1008600070	4.00	7.00
grid_4.0_9.0	1008600090	4.00	9.00
grid_4.0_10.0	1008600100	4.00	10.00
grid_4.0_11.0	1008600110	4.00	11.00
grid_4.0_46.0	1008600460	4.00	46.00
grid_4.0_47.0	1008600470	4.00	47.00
grid_4.0_74.0	1008600740	4.00	74.00
grid_4.0_96.0	1008600960	4.00	96.00
grid_4.0_98.0	1008600980	4.00	98.00
grid_4.0_99.0	1008600990	4.00	99.00
grid_4.0_101.0	1008601010	4.00	101.00
grid_4.0_102.0	1008601020	4.00	102.00
grid_4.0_103.0	1008601030	4.00	103.00
grid_4.0_114.0	1008601140	4.00	114.00
grid_4.0_117.0	1008601170	4.00	117.00
grid_4.0_118.0	1008601180	4.00	118.00
grid_4.0_119.0	1008601190	4.00	119.00
grid_4.0_283.0	1008602830	4.00	-77.00
grid_4.0_284.0	1008602840	4.00	-76.00
grid_4.0_352.0	1008603520	4.00	-8.00
grid_4.0_353.0	1008603530	4.00	-7.00
grid_3.0_10.0	1008700100	3.00	10.00
grid_3.0_45.0	1008700450	3.00	45.00
grid_3.0_46.0	1008700460	3.00	46.00
grid_3.0_97.0	1008700970	3.00	97.00
grid_3.0_98.0	1008700980	3.00	98.00
grid_3.0_99.0	1008700990	3.00	99.00
grid_3.0_100.0	1008701000	3.00	100.00
grid_3.0_101.0	1008701010	3.00	101.00
grid_3.0_102.0	1008701020	3.00	102.00
grid_3.0_103.0	1008701030	3.00	103.00
grid_3.0_113.0	1008701130	3.00	113.00
grid_3.0_117.0	1008701170	3.00	117.00
grid_3.0_118.0	1008701180	3.00	118.00
grid_3.0_283.0	1008702830	3.00	-77.00
grid_3.0_284.0	1008702840	3.00	-76.00
grid_2.0_10.0	1008800100	2.00	10.00
grid_2.0_44.0	1008800440	2.00	44.00
grid_2.0_45.0	1008800450	2.00	45.00
grid_2.0_99.0	1008800990	2.00	99.00
grid_2.0_100.0	1008801000	2.00	100.00
grid_2.0_101.0	1008801010	2.00	101.00
grid_2.0_102.0	1008801020	2.00	102.00
grid_2.0_103.0	1008801030	2.00	103.00
grid_2.0_104.0	1008801040	2.00	104.00
grid_2.0_110.0	1008801100	2.00	110.00
grid_2.0_112.0	1008801120	2.00	112.00
grid_2.0_117.0	1008801170	2.00	117.00
grid_2.0_128.0	1008801280	2.00	128.00
grid_2.0_281.0	1008802810	2.00	-79.00
grid_1.0_43.0	1008900430	1.00	43.00
grid_1.0_44.0	1008900440	1.00	44.00
grid_1.0_98.0	1008900980	1.00	98.00
grid_1.0_99.0	1008900990	1.00	99.00
grid_1.0_100.0	1008901000	1.00	100.00
grid_1.0_101.0	1008901010	1.00	101.00
grid_1.0_102.0	1008901020	1.00	102.00
grid_1.0_103.0	1008901030	1.00	103.00
grid_1.0_104.0	1008901040	1.00	104.00
grid_1.0_108.0	1008901080	1.00	108.00
grid_1.0_109.0	1008901090	1.00	109.00
grid_1.0_118.0	1008901180	1.00	118.00
grid_1.0_121.0	1008901210	1.00	121.00
grid_1.0_123.0	1008901230	1.00	123.00
grid_1.0_124.0	1008901240	1.00	124.00
grid_1.0_125.0	1008901250	1.00	125.00
grid_1.0_127.0	1008901270	1.00	127.00
grid_1.0_173.0	1008901730	1.00	173.00
grid_1.0_280.0	1008902800	1.00	-80.00
grid_0.0_7.0	1009000070	0.00	7.00
grid_0.0_9.0	1009000090	0.00	9.00
grid_0.0_43.0	1009000430	0.00	43.00
grid_0.0_100.0	1009001000	0.00	100.00
grid_0.0_101.0	1009001010	0.00	101.00
grid_0.0_102.0	1009001020	0.00	102.00
grid_0.0_103.0	1009001030	0.00	103.00
grid_0.0_104.0	1009001040	0.00	104.00
grid_0.0_105.0	1009001050	0.00	105.00
grid_0.0_109.0	1009001090	0.00	109.00
grid_0.0_110.0	1009001100	0.00	110.00
grid_0.0_117.0	1009001170	0.00	117.00
grid_0.0_122.0	1009001220	0.00	122.00
grid_0.0_131.0	1009001310	0.00	131.00
grid_0.0_281.0	1009002810	0.00	-79.00
grid_0.0_309.0	1009003090	0.00	-51.00
grid_-1.0_9.0	1009100090	-1.00	9.00
grid_-1.0_10.0	1009100100	-1.00	10.00
grid_-1.0_100.0	1009101000	-1.00	100.00
grid_-1.0_101.0	1009101010	-1.00	101.00
grid_-1.0_102.0	1009101020	-1.00	102.00
grid_-1.0_103.0	1009101030	-1.00	103.00
grid_-1.0_117.0	1009101170	-1.00	117.00
grid_-1.0_120.0	1009101200	-1.00	120.00
grid_-1.0_121.0	1009101210	-1.00	121.00
grid_-1.0_122.0	1009101220	-1.00	122.00
grid_-1.0_123.0	1009101230	-1.00	123.00
grid_-1.0_127.0	1009101270	-1.00	127.00
grid_-1.0_131.0	1009101310	-1.00	131.00
grid_-1.0_134.0	1009101340	-1.00	134.00
grid_-1.0_136.0	1009101360	-1.00	136.00
grid_-1.0_279.0	1009102790	-1.00	-81.00
grid_-1.0_280.0	1009102800	-1.00	-80.00
grid_-1.0_281.0	1009102810	-1.00	-79.00
grid_-1.0_307.0	1009103070	-1.00	-53.00
grid_-1.0_312.0	1009103120	-1.00	-48.00
grid_-1.0_313.0	1009103130	-1.00	-47.00
grid_-2.0_40.0	1009200400	-2.00	40.00
grid_-2.0_101.0	1009201010	-2.00	101.00
grid_-2.0_103.0	1009201030	-2.00	103.00
grid_-2.0_104.0	1009201040	-2.00	104.00
grid_-2.0_105.0	1009201050	-2.00	105.00
grid_-2.0_106.0	1009201060	-2.00	106.00
grid_-2.0_110.0	1009201100	-2.00	110.00
grid_-2.0_115.0	1009201150	-2.00	115.00
grid_-2.0_116.0	1009201160	-2.00	116.00
grid_-2.0_126.0	1009201260	-2.00	126.00
grid_-2.0_136.0	1009201360	-2.00	136.00
grid_-2.0_279.0	1009202790	-2.00	-81.00
grid_-2.0_280.0	1009202800	-2.00	-80.00
grid_-2.0_310.0	1009203100	-2.00	-50.00
grid_-2.0_311.0	1009203110	-2.00	-49.00
grid_-3.0_40.0	1009300400	-3.00	40.00
grid_-3.0_102.0	1009301020	-3.00	102.00
grid_-3.0_103.0	1009301030	-3.00	103.00
grid_-3.0_105.0	1009301050	-3.00	105.00
grid_-3.0_106.0	1009301060	-3.00	106.00
grid_-3.0_108.0	1009301080	-3.00	108.00
grid_-3.0_112.0	1009301120	-3.00	112.00
grid_-3.0_113.0	1009301130	-3.00	113.00
grid_-3.0_114.0	1009301140	-3.00	114.00
grid_-3.0_115.0	1009301150	-3.00	115.00
grid_-3.0_116.0	1009301160	-3.00	116.00
grid_-3.0_119.0	1009301190	-3.00	119.00
grid_-3.0_120.0	1009301200	-3.00	120.00
grid_-3.0_121.0	1009301210	-3.00	121.00
grid_-3.0_127.0	1009301270	-3.00	127.00
grid_-3.0_128.0	1009301280	-3.00	128.00
grid_-3.0_129.0	1009301290	-3.00	129.00
grid_-3.0_132.0	1009301320	-3.00	132.00
grid_-3.0_136.0	1009301360	-3.00	136.00
grid_-3.0_141.0	1009301410	-3.00	141.00
grid_-3.0_280.0	1009302800	-3.00	-80.00
grid_-3.0_281.0	1009302810	-3.00	-79.00
grid_-3.0_311.0	1009303110	-3.00	-49.00
grid_-3.0_316.0	1009303160	-3.00	-44.00
grid_-3.0_318.0	1009303180	-3.00	-42.00
grid_-3.0_320.0	1009303200	-3.00	-40.00
grid_-4.0_39.0	1009400390	-4.00	39.00
grid_-4.0_40.0	1009400400	-4.00	40.00
grid_-4.0_102.0	1009401020	-4.00	102.00
grid_-4.0_103.0	1009401030	-4.00	103.00
grid_-4.0_115.0	1009401150	-4.00	115.00
grid_-4.0_119.0	1009401190	-4.00	119.00
grid_-4.0_120.0	1009401200	-4.00	120.00
grid_-4.0_122.0	1009401220	-4.00	122.00
grid_-4.0_123.0	1009401230	-4.00	123.00
grid_-4.0_128.0	1009401280	-4.00	128.00
grid_-4.0_134.0	1009401340	-4.00	134.00
grid_-4.0_136.0	1009401360	-4.00	136.00
grid_-4.0_144.0	1009401440	-4.00	144.00
grid_-4.0_280.0	1009402800	-4.00	-80.00
grid_-4.0_315.0	1009403150	-4.00	-45.00
grid_-4.0_320.0	1009403200	-4.00	-40.00
grid_-4.0_321.0	1009403210	-4.00	-39.00
grid_-4.0_322.0	1009403220	-4.00	-38.00
grid_-5.0_12.0	1009500120	-5.00	12.00
grid_-5.0_13.0	1009500130	-5.00	13.00
grid_-5.0_38.0	1009500380	-5.00	38.00
grid_-5.0_39.0	1009500390	-5.00	39.00
grid_-5.0_40.0	1009500400	-5.00	40.00
grid_-5.0_105.0	1009501050	-5.00	105.00
grid_-5.0_106.0	1009501060	-5.00	106.00
grid_-5.0_119.0	1009501190	-5.00	119.00
grid_-5.0_120.0	1009501200	-5.00	120.00
grid_-5.0_123.0	1009501230	-5.00	123.00
grid_-5.0_137.0	1009501370	-5.00	137.00
grid_-5.0_146.0	1009501460	-5.00	146.00
grid_-5.0_279.0	1009502790	-5.00	-81.00
grid_-5.0_323.0	1009503230	-5.00	-37.00
grid_-6.0_12.0	1009600120	-6.00	12.00
grid_-6.0_13.0	1009600130	-6.00	13.00
grid_-6.0_38.0	1009600380	-6.00	38.00
grid_-6.0_39.0	1009600390	-6.00	39.00
grid_-6.0_106.0	1009601060	-6.00	106.00
grid_-6.0_107.0	1009601070	-6.00	107.00
grid_-6.0_108.0	1009601080	-6.00	108.00
grid_-6.0_120.0	1009601200	-6.00	120.00
grid_-6.0_133.0	1009601330	-6.00	133.00
grid_-6.0_134.0	1009601340	-6.00	134.00
grid_-6.0_138.0	1009601380	-6.00	138.00
grid_-6.0_145.0	1009601450	-6.00	145.00
grid_-6.0_146.0	1009601460	-6.00	146.00
grid_-6.0_150.0	1009601500	-6.00	150.00
grid_-6.0_325.0	1009603250	-6.00	-35.00
grid_-7.0_13.0	1009700130	-7.00	13.00
grid_-7.0_38.0	1009700380	-7.00	38.00
grid_-7.0_39.0	1009700390	-7.00	39.00
grid_-7.0_107.0	1009701070	-7.00	107.00
grid_-7.0_108.0	1009701080	-7.00	108.00
grid_-7.0_109.0	1009701090	-7.00	109.00
grid_-7.0_110.0	1009701100	-7.00	110.00
grid_-7.0_111.0	1009701110	-7.00	111.00
grid_-7.0_112.0	1009701120	-7.00	112.00
grid_-7.0_113.0	1009701130	-7.00	113.00
grid_-7.0_114.0	1009701140	-7.00	114.00
grid_-7.0_139.0	1009701390	-7.00	139.00
grid_-7.0_147.0	1009701470	-7.00	147.00
grid_-7.0_280.0	1009702800	-7.00	-80.00
grid_-7.0_325.0	1009703250	-7.00	-35.00
grid_-8.0_13.0	1009800130	-8.00	13.00
grid_-8.0_39.0	1009800390	-8.00	39.00
grid_-8.0_108.0	1009801080	-8.00	108.00
grid_-8.0_109.0	1009801090	-8.00	109.00
grid_-8.0_110.0	1009801100	-8.00	110.00
grid_-8.0_111.0	1009801110	-8.00	111.00
grid_-8.0_112.0	1009801120	-8.00	112.00
grid_-8.0_113.0	1009801130	-8.00	113.00
grid_-8.0_114.0	1009801140	-8.00	114.00
grid_-8.0_115.0	1009801150	-8.00	115.00
grid_-8.0_116.0	1009801160	-8.00	116.00
grid_-8.0_117.0	1009801170	-8.00	117.00
grid_-8.0_119.0	1009801190	-8.00	119.00
grid_-8.0_120.0	1009801200	-8.00	120.00
grid_-8.0_123.0	1009801230	-8.00	123.00
grid_-8.0_125.0	1009801250	-8.00	125.00
grid_-8.0_281.0	1009802810	-8.00	-79.00
grid_-8.0_324.0	1009803240	-8.00	-36.00
grid_-8.0_325.0	1009803250	-8.00	-35.00
grid_-9.0_13.0	1009900130	-9.00	13.00
grid_-9.0_14.0	1009900140	-9.00	14.00
grid_-9.0_115.0	1009901150	-9.00	115.00
grid_-9.0_116.0	1009901160	-9.00	116.00
grid_-9.0_117.0	1009901170	-9.00	117.00
grid_-9.0_118.0	1009901180	-9.00	118.00
grid_-9.0_119.0	1009901190	-9.00	119.00
grid_-9.0_120.0	1009901200	-9.00	120.00
grid_-9.0_121.0	1009901210	-9.00	121.00
grid_-9.0_122.0	1009901220	-9.00	122.00
grid_-9.0_124.0	1009901240	-9.00	124.00
grid_-9.0_125.0	1009901250	-9.00	125.00
grid_-9.0_126.0	1009901260	-9.00	126.00
grid_-9.0_140.0	1009901400	-9.00	140.00
grid_-9.0_147.0	1009901470	-9.00	147.00
grid_-9.0_160.0	1009901600	-9.00	160.00
grid_-9.0_281.0	1009902810	-9.00	-79.00
grid_-9.0_324.0	1009903240	-9.00	-36.00
grid_-10.0_39.0	1010000390	-10.00	39.00
grid_-10.0_40.0	1010000400	-10.00	40.00
grid_-10.0_119.0	1010001190	-10.00	119.00
grid_-10.0_120.0	1010001200	-10.00	120.00
grid_-10.0_124.0	1010001240	-10.00	124.00
grid_-10.0_150.0	1010001500	-10.00	150.00
grid_-10.0_282.0	1010002820	-10.00	-78.00
grid_-10.0_323.0	1010003230	-10.00	-37.00
grid_-10.0_324.0	1010003240	-10.00	-36.00
grid_-11.0_14.0	1010100140	-11.00	14.00
grid_-11.0_40.0	1010100400	-11.00	40.00
grid_-11.0_282.0	1010102820	-11.00	-78.00
grid_-11.0_283.0	1010102830	-11.00	-77.00
grid_-11.0_323.0	1010103230	-11.00	-37.00
grid_-12.0_14.0	1010200140	-12.00	14.00
grid_-12.0_40.0	1010200400	-12.00	40.00
grid_-12.0_43.0	1010200430	-12.00	43.00
grid_-12.0_44.0	1010200440	-12.00	44.00
grid_-12.0_49.0	1010200490	-12.00	49.00
grid_-12.0_131.0	1010201310	-12.00	131.00
grid_-12.0_283.0	1010202830	-12.00	-77.00
grid_-12.0_321.0	1010203210	-12.00	-39.00
grid_-12.0_322.0	1010203220	-12.00	-38.00
grid_-13.0_13.0	1010300130	-13.00	13.00
grid_-13.0_40.0	1010300400	-13.00	40.00
grid_-13.0_41.0	1010300410	-13.00	41.00
grid_-13.0_45.0	1010300450	-13.00	45.00
grid_-13.0_48.0	1010300480	-13.00	48.00
grid_-13.0_50.0	1010300500	-13.00	50.00
grid_-13.0_284.0	1010302840	-13.00	-76.00
grid_-13.0_321.0	1010303210	-13.00	-39.00
grid_-13.0_322.0	1010303220	-13.00	-38.00
grid_-14.0_48.0	1010400480	-14.00	48.00
grid_-14.0_50.0	1010400500	-14.00	50.00
grid_-14.0_188.0	1010401880	-14.00	-172.00
grid_-14.0_284.0	1010402840	-14.00	-76.00
grid_-15.0_12.0	1010500120	-15.00	12.00
grid_-15.0_40.0	1010500400	-15.00	40.00
grid_-15.0_41.0	1010500410	-15.00	41.00
grid_-15.0_50.0	1010500500	-15.00	50.00
grid_-15.0_285.0	1010502850	-15.00	-75.00
grid_-15.0_321.0	1010503210	-15.00	-39.00
grid_-16.0_12.0	1010600120	-16.00	12.00
grid_-16.0_39.0	1010600390	-16.00	39.00
grid_-16.0_40.0	1010600400	-16.00	40.00
grid_-16.0_46.0	1010600460	-16.00	46.00
grid_-16.0_47.0	1010600470	-16.00	47.00
grid_-16.0_48.0	1010600480	-16.00	48.00
grid_-16.0_288.0	1010602880	-16.00	-72.00
grid_-16.0_320.0	1010603200	-16.00	-40.00
grid_-16.0_321.0	1010603210	-16.00	-39.00
grid_-17.0_37.0	1010700370	-17.00	37.00
grid_-17.0_38.0	1010700380	-17.00	38.00
grid_-17.0_39.0	1010700390	-17.00	39.00
grid_-17.0_146.0	1010701460	-17.00	146.00
grid_-17.0_289.0	1010702890	-17.00	-71.00
grid_-18.0_36.0	1010800360	-18.00	36.00
grid_-18.0_37.0	1010800370	-18.00	37.00
grid_-18.0_44.0	1010800440	-18.00	44.00
grid_-18.0_49.0	1010800490	-18.00	49.00
grid_-18.0_168.0	1010801680	-18.00	168.00
grid_-18.0_177.0	1010801770	-18.00	177.00
grid_-18.0_178.0	1010801780	-18.00	178.00
grid_-18.0_210.0	1010802100	-18.00	-150.00
grid_-18.0_289.0	1010802890	-18.00	-71.00
grid_-18.0_290.0	1010802900	-18.00	-70.00
grid_-18.0_320.0	1010803200	-18.00	-40.00
grid_-19.0_34.0	1010900340	-19.00	34.00
grid_-19.0_36.0	1010900360	-19.00	36.00
grid_-19.0_147.0	1010901470	-19.00	147.00
grid_-19.0_320.0	1010903200	-19.00	-40.00
grid_-20.0_35.0	1011000350	-20.00	35.00
grid_-20.0_44.0	1011000440	-20.00	44.00
grid_-20.0_57.0	1011000570	-20.00	57.00
grid_-20.0_290.0	1011002900	-20.00	-70.00
grid_-20.0_319.0	1011003190	-20.00	-41.00
grid_-20.0_320.0	1011003200	-20.00	-40.00
grid_-21.0_55.0	1011100550	-21.00	55.00
grid_-21.0_56.0	1011100560	-21.00	56.00
grid_-21.0_318.0	1011103180	-21.00	-42.00
grid_-21.0_319.0	1011103190	-21.00	-41.00
grid_-21.0_320.0	1011103200	-21.00	-40.00
grid_-22.0_35.0	1011200350	-22.00	35.00
grid_-22.0_48.0	1011200480	-22.00	48.00
grid_-22.0_166.0	1011201660	-22.00	166.00
grid_-22.0_316.0	1011203160	-22.00	-44.00
grid_-22.0_317.0	1011203170	-22.00	-43.00
grid_-22.0_318.0	1011203180	-22.00	-42.00
grid_-22.0_319.0	1011203190	-22.00	-41.00
grid_-23.0_15.0	1011300150	-23.00	15.00
grid_-23.0_35.0	1011300350	-23.00	35.00
grid_-23.0_44.0	1011300440	-23.00	44.00
grid_-23.0_48.0	1011300480	-23.00	48.00
grid_-23.0_313.0	1011303130	-23.00	-47.00
grid_-23.0_314.0	1011303140	-23.00	-46.00
grid_-23.0_315.0	1011303150	-23.00	-45.00
grid_-23.0_316.0	1011303160	-23.00	-44.00
grid_-23.0_317.0	1011303170	-23.00	-43.00
grid_-23.0_318.0	1011303180	-23.00	-42.00
grid_-24.0_35.0	1011400350	-24.00	35.00
grid_-24.0_290.0	1011402900	-24.00	-70.00
grid_-24.0_313.0	1011403130	-24.00	-47.00
grid_-24.0_314.0	1011403140	-24.00	-46.00
grid_-24.0_315.0	1011403150	-24.00	-45.00
grid_-25.0_33.0	1011500330	-25.00	33.00
grid_-25.0_34.0	1011500340	-25.00	34.00
grid_-25.0_45.0	1011500450	-25.00	45.00
grid_-25.0_46.0	1011500460	-25.00	46.00
grid_-25.0_47.0	1011500470	-25.00	47.00
grid_-25.0_310.0	1011503100	-25.00	-50.00
grid_-25.0_311.0	1011503110	-25.00	-49.00
grid_-26.0_32.0	1011600320	-26.00	32.00
grid_-26.0_33.0	1011600330	-26.00	33.00
grid_-26.0_311.0	1011603110	-26.00	-49.00
grid_-27.0_153.0	1011701530	-27.00	153.00
grid_-27.0_290.0	1011702900	-27.00	-70.00
grid_-27.0_311.0	1011703110	-27.00	-49.00
grid_-28.0_153.0	1011801530	-28.00	153.00
grid_-28.0_311.0	1011803110	-28.00	-49.00
grid_-29.0_31.0	1011900310	-29.00	31.00
grid_-29.0_32.0	1011900320	-29.00	32.00
grid_-29.0_308.0	1011903080	-29.00	-52.00
grid_-29.0_309.0	1011903090	-29.00	-51.00
grid_-29.0_311.0	1011903110	-29.00	-49.00
grid_-30.0_30.0	1012000300	-30.00	30.00
grid_-30.0_31.0	1012000310	-30.00	31.00
grid_-30.0_289.0	1012002890	-30.00	-71.00
grid_-30.0_309.0	1012003090	-30.00	-51.00
grid_-31.0_289.0	1012102890	-31.00	-71.00
grid_-32.0_29.0	1012200290	-32.00	29.00
grid_-32.0_116.0	1012201160	-32.00	116.00
grid_-32.0_302.0	1012203020	-32.00	-58.00
grid_-32.0_308.0	1012203080	-32.00	-52.00
grid_-33.0_18.0	1012300180	-33.00	18.00
grid_-33.0_19.0	1012300190	-33.00	19.00
grid_-33.0_27.0	1012300270	-33.00	27.00
grid_-33.0_28.0	1012300280	-33.00	28.00
grid_-33.0_116.0	1012301160	-33.00	116.00
grid_-33.0_151.0	1012301510	-33.00	151.00
grid_-33.0_152.0	1012301520	-33.00	152.00
grid_-33.0_288.0	1012302880	-33.00	-72.00
grid_-33.0_289.0	1012302890	-33.00	-71.00
grid_-33.0_301.0	1012303010	-33.00	-59.00
grid_-34.0_18.0	1012400180	-34.00	18.00
grid_-34.0_19.0	1012400190	-34.00	19.00
grid_-34.0_20.0	1012400200	-34.00	20.00
grid_-34.0_22.0	1012400220	-34.00	22.00
grid_-34.0_25.0	1012400250	-34.00	25.00
grid_-34.0_26.0	1012400260	-34.00	26.00
grid_-34.0_151.0	1012401510	-34.00	151.00
grid_-34.0_288.0	1012402880	-34.00	-72.00
grid_-34.0_289.0	1012402890	-34.00	-71.00
grid_-34.0_301.0	1012403010	-34.00	-59.00
grid_-35.0_139.0	1012501390	-35.00	139.00
grid_-35.0_151.0	1012501510	-35.00	151.00
grid_-35.0_288.0	1012502880	-35.00	-72.00
grid_-35.0_289.0	1012502890	-35.00	-71.00
grid_-35.0_301.0	1012503010	-35.00	-59.00
grid_-35.0_302.0	1012503020	-35.00	-58.00
grid_-35.0_304.0	1012503040	-35.00	-56.00
grid_-35.0_305.0	1012503050	-35.00	-55.00
grid_-36.0_288.0	1012602880	-36.00	-72.00
grid_-37.0_175.0	1012701750	-37.00	175.00
grid_-37.0_287.0	1012702870	-37.00	-73.00
grid_-37.0_288.0	1012702880	-37.00	-72.00
grid_-38.0_144.0	1012801440	-38.00	144.00
grid_-38.0_145.0	1012801450	-38.00	145.00
grid_-38.0_175.0	1012801750	-38.00	175.00
grid_-38.0_176.0	1012801760	-38.00	176.00
grid_-38.0_302.0	1012803020	-38.00	-58.00
grid_-39.0_174.0	1012901740	-39.00	174.00
grid_-39.0_287.0	1012902870	-39.00	-73.00
grid_-39.0_298.0	1012902980	-39.00	-62.00
grid_-39.0_301.0	1012903010	-39.00	-59.00
grid_-40.0_176.0	1013001760	-40.00	176.00
grid_-40.0_287.0	1013002870	-40.00	-73.00
grid_-41.0_175.0	1013101750	-41.00	175.00
grid_-41.0_287.0	1013102870	-41.00	-73.00
grid_-41.0_289.0	1013102890	-41.00	-71.00
grid_-41.0_297.0	1013102970	-41.00	-63.00
grid_-42.0_286.0	1013202860	-42.00	-74.00
grid_-43.0_147.0	1013301470	-43.00	147.00
grid_-43.0_295.0	1013302950	-43.00	-65.00
grid_-44.0_173.0	1013401730	-44.00	173.00
grid_-46.0_170.0	1013601700	-46.00	170.00
grid_-46.0_288.0	1013602880	-46.00	-72.00
grid_-46.0_292.0	1013602920	-46.00	-68.00
grid_-50.0_288.0	1014002880	-50.00	-72.00
grid_-52.0_291.0	1014202910	-52.00	-69.00
grid_-53.0_289.0	1014302890	-53.00	-71.00
grid_-54.0_292.0	1014402920	-54.00	-68.00
grid_-55.0_292.0	1014502920	-55.00	-68.00
